2026-04-19 20:11:25,643 [INFO] ============================================================
2026-04-19 20:11:25,644 [INFO] Bot iniciado — 19/04/2026 20:11
2026-04-19 20:11:25,644 [INFO] Palavras-chave: ['desenvolvedor', 'typescript', 'react', 'node', 'nextjs']
2026-04-19 20:11:25,644 [INFO] Limite: 10 candidaturas
2026-04-19 20:11:25,644 [INFO] ============================================================
2026-04-19 20:11:25,651 [INFO] Usando EdgeDriver: .\msedgedriver.EXE
2026-04-19 20:11:27,215 [INFO] Verificando sessão no LinkedIn...
2026-04-19 20:11:33,252 [INFO] Sessão ativa — login não necessário.
2026-04-19 20:11:33,253 [INFO] Buscando vagas: https://www.linkedin.com/jobs/search/?keywords=desenvolvedor&geoId=106057199&f_AL=true&f_TPR=r604800&sortBy=DD&start=0
2026-04-19 20:11:46,487 [INFO] 25 cards na lista. Filtrando por Easy Apply e relevância...
2026-04-19 20:11:48,118 [INFO]   Confirmado: Vaga: Desenvolvedor(a) Sênior | Anápolis @ Wooba
2026-04-19 20:11:49,270 [INFO]   Confirmado: Desenvolvedor Integrador RM x Java @ SS Service & Softwares
2026-04-19 20:11:50,218 [INFO] 2 vagas com Easy Apply confirmado.
2026-04-19 20:11:50,218 [INFO] Candidatando: Vaga: Desenvolvedor(a) Sênior | Anápolis @ Wooba
2026-04-19 20:11:56,011 [INFO]   -- Etapa 1 --
2026-04-19 20:11:56,512 [INFO]   Botão primário: 'avançar' | aria='avançar para próxima etapa' 
2026-04-19 20:11:57,105 [INFO]   Clicou: AVANÇAR ('avançar')
2026-04-19 20:11:59,390 [INFO]   -- Etapa 2 --
2026-04-19 20:11:59,614 [INFO]   Botão primário: 'avançar' | aria='avançar para próxima etapa' 
2026-04-19 20:12:00,152 [INFO]   Clicou: AVANÇAR ('avançar')
2026-04-19 20:12:02,221 [INFO]   -- Etapa 3 --
2026-04-19 20:12:06,368 [INFO]     Campo "Como considera o seu perfil profissional em integração RM e Java? Junior, Pleno ou Senior?" → "https://linkedin.com/in/ruyjunior21"
2026-04-19 20:12:06,604 [INFO]   Botão primário: 'revisar' | aria='revise sua candidatura' 
2026-04-19 20:12:07,174 [INFO]   Clicou: AVANÇAR ('revisar')
2026-04-19 20:12:08,738 [INFO]   -- Etapa 4 --
2026-04-19 20:12:08,759 [WARNING]   Loop detectado — mesma etapa repetindo. Encerrando formulário.
2026-04-19 20:12:22,535 [INFO] Candidatando: Desenvolvedor Integrador RM x Java @ SS Service & Softwares
2026-04-19 20:12:29,168 [INFO]   -- Etapa 1 --
2026-04-19 20:12:29,525 [INFO]   Botão primário: 'revisar' | aria='revise sua candidatura' 
2026-04-19 20:12:29,865 [INFO]   Clicou: AVANÇAR ('revisar')
2026-04-19 20:12:31,367 [INFO]   -- Etapa 2 --
2026-04-19 20:12:31,390 [WARNING]   Loop detectado — mesma etapa repetindo. Encerrando formulário.
2026-04-19 20:12:37,559 [INFO] Sessão finalizada. Total enviado: 0
2026-04-19 20:12:39,986 [INFO] Navegador fechado.
