2026-04-18 18:25:10,073 [INFO] ============================================================
2026-04-18 18:25:10,073 [INFO] Bot iniciado — 18/04/2026 18:25
2026-04-18 18:25:10,074 [INFO] Palavras-chave: ['TypeScript', 'developer', 'desenvolvedor', 'programador', 'engenheiro de software', 'junior', 'react']
2026-04-18 18:25:10,074 [INFO] Limite: 10 candidaturas
2026-04-18 18:25:10,074 [INFO] ============================================================
2026-04-18 18:25:10,076 [INFO] Usando perfil temporário: C:\Users\ruyju\AppData\Local\Temp\tmp6066icx8
2026-04-18 18:25:10,077 [INFO] ChromeDriver win64 em cache: C:\Users\ruyju/.wdm/drivers/chromedriver/win64/147\chromedriver.exe
2026-04-18 18:25:10,078 [INFO] Fechando Chrome existente...
2026-04-18 18:25:17,641 [INFO] Fazendo login no LinkedIn...
2026-04-18 18:25:35,503 [INFO] Login realizado com sucesso.
2026-04-18 18:25:35,504 [INFO] Buscando vagas: https://www.linkedin.com/jobs/search/?keywords=TypeScript+developer+desenvolvedor+programador+engenheiro+de+software+junior+react&location=Brazil&f_AL=true&f_TPR=r604800&sortBy=DD&start=0
2026-04-18 18:26:01,519 [INFO] Encontrou 25 cards com seletor: li.occludable-update
2026-04-18 18:26:01,520 [INFO] 25 cards na lista. Verificando Easy Apply em cada um...
2026-04-18 18:26:04,371 [INFO]   Card 1: encontrou Easy Apply (seletor: button[aria-label*='Candidatura simplificada'])
2026-04-18 18:26:04,443 [INFO]   Easy Apply confirmado: Python Developer @ Höski
2026-04-18 18:26:07,491 [INFO]   Card 2: encontrou Easy Apply (seletor: button[aria-label*='Candidatura simplificada'])
2026-04-18 18:26:10,629 [INFO]   Card 3: encontrou Easy Apply (seletor: button[aria-label*='Candidatura simplificada'])
2026-04-18 18:26:14,025 [INFO]   Card 4: encontrou Easy Apply (seletor: button[aria-label*='Candidatura simplificada'])
2026-04-18 18:26:17,477 [INFO]   Card 5: encontrou Easy Apply (seletor: button[aria-label*='Candidatura simplificada'])
2026-04-18 18:26:20,532 [INFO]   Card 6: encontrou Easy Apply (seletor: button[aria-label*='Candidatura simplificada'])
2026-04-18 18:26:23,810 [INFO]   Card 7: encontrou Easy Apply (seletor: button[aria-label*='Candidatura simplificada'])
2026-04-18 18:26:26,824 [INFO]   Card 8: encontrou Easy Apply (seletor: button[aria-label*='Candidatura simplificada'])
2026-04-18 18:26:29,964 [INFO]   Card 9: encontrou Easy Apply (seletor: button[aria-label*='Candidatura simplificada'])
2026-04-18 18:26:33,314 [INFO]   Card 10: encontrou Easy Apply (seletor: button[aria-label*='Candidatura simplificada'])
2026-04-18 18:26:36,007 [INFO]   Card 11: encontrou Easy Apply (seletor: button[aria-label*='Candidatura simplificada'])
2026-04-18 18:26:38,664 [INFO]   Card 12: encontrou Easy Apply (seletor: button[aria-label*='Candidatura simplificada'])
2026-04-18 18:26:41,765 [INFO]   Card 13: encontrou Easy Apply (seletor: button[aria-label*='Candidatura simplificada'])
2026-04-18 18:26:44,992 [INFO]   Card 14: encontrou Easy Apply (seletor: button[aria-label*='Candidatura simplificada'])
2026-04-18 18:26:47,698 [INFO]   Card 15: encontrou Easy Apply (seletor: button[aria-label*='Candidatura simplificada'])
2026-04-18 18:26:50,248 [INFO]   Card 16: encontrou Easy Apply (seletor: button[aria-label*='Candidatura simplificada'])
2026-04-18 18:26:53,484 [INFO]   Card 17: encontrou Easy Apply (seletor: button[aria-label*='Candidatura simplificada'])
2026-04-18 18:26:56,166 [INFO]   Card 18: encontrou Easy Apply (seletor: button[aria-label*='Candidatura simplificada'])
2026-04-18 18:26:59,353 [INFO]   Card 19: encontrou Easy Apply (seletor: button[aria-label*='Candidatura simplificada'])
2026-04-18 18:27:02,715 [INFO]   Card 20: encontrou Easy Apply (seletor: button[aria-label*='Candidatura simplificada'])
2026-04-18 18:27:05,801 [INFO]   Card 21: encontrou Easy Apply (seletor: button[aria-label*='Candidatura simplificada'])
2026-04-18 18:27:08,580 [INFO]   Card 22: encontrou Easy Apply (seletor: button[aria-label*='Candidatura simplificada'])
2026-04-18 18:27:11,445 [INFO]   Card 23: encontrou Easy Apply (seletor: button[aria-label*='Candidatura simplificada'])
2026-04-18 18:27:14,820 [INFO]   Card 24: encontrou Easy Apply (seletor: button[aria-label*='Candidatura simplificada'])
2026-04-18 18:27:18,191 [INFO]   Card 25: encontrou Easy Apply (seletor: button[aria-label*='Candidatura simplificada'])
2026-04-18 18:27:18,245 [INFO] 1 vagas com Easy Apply confirmado.
2026-04-18 18:27:18,245 [INFO] Candidatando: Python Developer @ Höski
2026-04-18 18:27:24,053 [INFO]   -- Etapa 1 --
2026-04-18 18:27:24,283 [INFO]     Select "Email
Email" — opções: ['Selecciona una opción', 'ruyjunior21@gmail.com']
2026-04-18 18:27:27,867 [INFO]     Select "Código del país
Código del país" — opções: ['Selecciona una opción', 'Brasil (+55)', 'Afganistán (+93)', 'Albania (+355)', 'Alemania (+49)', 'Andorra (+376)', 'Angola (+244)', 'Anguila (+1)', 'Antigua y Barbuda (+1)', 'Antártida (+0)', 'Arabia Saudí (+966)', 'Argelia (+213)', 'Argentina (+54)', 'Armenia (+374)', 'Aruba (+297)', 'Australia (+61)', 'Austria (+43)', 'Azerbaiyán (+994)', 'Bahamas (+1)', 'Bangladés (+880)', 'Barbados (+1)', 'Baréin (+973)', 'Belice (+501)', 'Benín (+229)', 'Bermudas (+1)', 'Bielorrusia (+375)', 'Bolivia (+591)', 'Bosnia y Herzegovina (+387)', 'Botsuana (+267)', 'Brunéi (+673)', 'Bulgaria (+359)', 'Burkina Faso (+226)', 'Burundi (+257)', 'Bután (+975)', 'Bélgica (+32)', 'Cabo Verde (+238)', 'Camboya (+855)', 'Camerún (+237)', 'Canadá (+1)', 'Caribe neerlandés (+599)', 'Catar (+974)', 'Chad (+235)', 'Chequia (+420)', 'Chile (+56)', 'China (+86)', 'Chipre (+357)', 'Ciudad del Vaticano (+39)', 'Colombia (+57)', 'Comoras (+269)', 'Congo (+242)', 'Corea del Norte (+850)', 'Corea del Sur (+82)', 'Costa Rica (+506)', 'Croacia (+385)', 'Cuba (+53)', 'Curazao (+599)', 'Côte d’Ivoire (+225)', 'Dinamarca (+45)', 'Dominica (+1)', 'Ecuador (+593)', 'Egipto (+20)', 'El Salvador (+503)', 'Emiratos Árabes Unidos (+971)', 'Eritrea (+291)', 'Eslovaquia (+421)', 'Eslovenia (+386)', 'España (+34)', 'Estados Unidos (+1)', 'Estonia (+372)', 'Esuatini (+268)', 'Etiopía (+251)', 'Filipinas (+63)', 'Finlandia (+358)', 'Fiyi (+679)', 'Francia (+33)', 'Gabón (+241)', 'Gambia (+220)', 'Georgia (+995)', 'Ghana (+233)', 'Gibraltar (+350)', 'Granada (+1)', 'Grecia (+30)', 'Groenlandia (+299)', 'Guadalupe (+590)', 'Guam (+1)', 'Guatemala (+502)', 'Guayana Francesa (+594)', 'Guernesey (+44)', 'Guinea (+224)', 'Guinea Ecuatorial (+240)', 'Guinea-Bisáu (+245)', 'Guyana (+592)', 'Haití (+509)', 'Honduras (+504)', 'Hungría (+36)', 'India (+91)', 'Indonesia (+62)', 'Irak (+964)', 'Irlanda (+353)', 'Irán (+98)', 'Isla Bouvet (+0)', 'Isla Norfolk (+672)', 'Isla de Man (+44)', 'Isla de Navidad (+61)', 'Islandia (+354)', 'Islas Aland (+358)', 'Islas Caimán (+1)', 'Islas Cocos (+61)', 'Islas Cook (+682)', 'Islas Feroe (+298)', 'Islas Georgia del Sur y Sandwich del Sur (+0)', 'Islas Heard y McDonald (+0)', 'Islas Malvinas (+500)', 'Islas Marianas del Norte (+1)', 'Islas Marshall (+692)', 'Islas Pitcairn (+0)', 'Islas Salomón (+677)', 'Islas Turcas y Caicos (+1)', 'Islas Vírgenes Británicas (+1)', 'Islas Vírgenes de EE. UU. (+1)', 'Islas menores alejadas de EE. UU. (+0)', 'Israel (+972)', 'Italia (+39)', 'Jamaica (+1)', 'Japón (+81)', 'Jersey (+44)', 'Jordania (+962)', 'Kazajistán (+7)', 'Kenia (+254)', 'Kirguistán (+996)', 'Kiribati (+686)', 'Kuwait (+965)', 'Laos (+856)', 'Lesoto (+266)', 'Letonia (+371)', 'Liberia (+231)', 'Libia (+218)', 'Liechtenstein (+423)', 'Lituania (+370)', 'Luxemburgo (+352)', 'Líbano (+961)', 'Macedonia del Norte (+389)', 'Madagascar (+261)', 'Malasia (+60)', 'Malaui (+265)', 'Maldivas (+960)', 'Mali (+223)', 'Malta (+356)', 'Marruecos (+212)', 'Martinica (+596)', 'Mauricio (+230)', 'Mauritania (+222)', 'Mayotte (+262)', 'Micronesia (+691)', 'Moldavia (+373)', 'Mongolia (+976)', 'Montenegro (+382)', 'Montserrat (+1)', 'Mozambique (+258)', 'Myanmar (Birmania) (+95)', 'México (+52)', 'Mónaco (+377)', 'Namibia (+264)', 'Nauru (+674)', 'Nepal (+977)', 'Nicaragua (+505)', 'Nigeria (+234)', 'Niue (+683)', 'Noruega (+47)', 'Nueva Caledonia (+687)', 'Nueva Zelanda (+64)', 'Níger (+227)', 'Omán (+968)', 'Pakistán (+92)', 'Palaos (+680)', 'Panamá (+507)', 'Papúa Nueva Guinea (+675)', 'Paraguay (+595)', 'Países Bajos (+31)', 'Perú (+51)', 'Polinesia Francesa (+689)', 'Polonia (+48)', 'Portugal (+351)', 'Puerto Rico (+1)', 'RAE de Hong Kong (China) (+852)', 'RAE de Macao (China) (+853)', 'Reino Unido (+44)', 'República Centroafricana (+236)', 'República Democrática del Congo (+243)', 'República Dominicana (+1)', 'Reunión (+262)', 'Ruanda (+250)', 'Rumanía (+40)', 'Rusia (+7)', 'Samoa (+685)', 'Samoa Americana (+1)', 'San Bartolomé (+590)', 'San Cristóbal y Nieves (+1)', 'San Marino (+378)', 'San Martín (+590)', 'San Pedro y Miquelón (+508)', 'San Vicente y las Granadinas (+1)', 'Santa Elena (+290)', 'Santa Lucía (+1)', 'Santo Tomé y Príncipe (+239)', 'Senegal (+221)', 'Serbia (+381)', 'Seychelles (+248)', 'Sierra Leona (+232)', 'Singapur (+65)', 'Sint Maarten (+1)', 'Siria (+963)', 'Somalia (+252)', 'Sri Lanka (+94)', 'Sudáfrica (+27)', 'Sudán (+249)', 'Sudán del Sur (+211)', 'Suecia (+46)', 'Suiza (+41)', 'Surinam (+597)', 'Svalbard y Jan Mayen (+47)', 'Sáhara Occidental (+212)', 'Tailandia (+66)', 'Taiwán (+886)', 'Tanzania (+255)', 'Tayikistán (+992)', 'Territorio Británico del Océano Índico (+246)', 'Territorios Australes Franceses (+0)', 'Territorios Palestinos (+970)', 'Timor-Leste (+670)', 'Togo (+228)', 'Tokelau (+690)', 'Tonga (+676)', 'Trinidad y Tobago (+1)', 'Turkmenistán (+993)', 'Turquía (+90)', 'Tuvalu (+688)', 'Túnez (+216)', 'Ucrania (+380)', 'Uganda (+256)', 'Uruguay (+598)', 'Uzbekistán (+998)', 'Vanuatu (+678)', 'Venezuela (+58)', 'Vietnam (+84)', 'Wallis y Futuna (+681)', 'Yemen (+967)', 'Yibuti (+253)', 'Zambia (+260)', 'Zimbabue (+263)']
2026-04-18 18:27:30,482 [INFO]   Botão primário: 'avançar' | aria='avançar para próxima etapa' 
2026-04-18 18:27:31,008 [INFO]   Clicou: AVANÇAR ('avançar')
2026-04-18 18:27:32,541 [INFO]   -- Etapa 2 --
2026-04-18 18:27:32,651 [INFO]   Botão primário: 'avançar' | aria='avançar para próxima etapa' 
2026-04-18 18:27:33,041 [INFO]   Clicou: AVANÇAR ('avançar')
2026-04-18 18:27:35,434 [INFO]   -- Etapa 3 --
2026-04-18 18:27:35,500 [WARNING]     Campo desconhecido "¿Cuál es tu salario pretendido? AR-CH-PE-CO-UY > Moneda local | Resto de LATAM > USD" — em branco.
2026-04-18 18:27:35,533 [WARNING]     Campo desconhecido "En caso de quedar seleccionado, ¿Cuántos dias necesitas para comenzar a trabajar?" — em branco.
2026-04-18 18:27:35,720 [INFO]     Select "¿Has trabajado con Kafka para streaming de eventos? 
¿Has trabajado con Kafka para streaming de eventos?" — opções: ['Selecciona una opción', 'Yes', 'No']
2026-04-18 18:27:35,871 [INFO]     Select "¿Tienes experiencia trabajando con la nube de Azure? - Requisito deseable
¿Tienes experiencia trabajando con la nube de Azure? - Requisito deseable" — opções: ['Selecciona una opción', 'Yes', 'No']
2026-04-18 18:27:35,939 [INFO]   Botão primário: 'revisar' | aria='revise sua candidatura' 
2026-04-18 18:27:36,368 [INFO]   Clicou: AVANÇAR ('revisar')
2026-04-18 18:27:38,370 [INFO]   -- Etapa 4 --
2026-04-18 18:27:38,434 [WARNING]     Campo desconhecido "¿Cuál es tu salario pretendido? AR-CH-PE-CO-UY > Moneda local | Resto de LATAM > USD" — em branco.
2026-04-18 18:27:38,464 [WARNING]     Campo desconhecido "En caso de quedar seleccionado, ¿Cuántos dias necesitas para comenzar a trabajar?" — em branco.
2026-04-18 18:27:38,634 [INFO]     Select "¿Has trabajado con Kafka para streaming de eventos? 
¿Has trabajado con Kafka para streaming de eventos?" — opções: ['Selecciona una opción', 'Yes', 'No']
2026-04-18 18:27:38,772 [INFO]     Select "¿Tienes experiencia trabajando con la nube de Azure? - Requisito deseable
¿Tienes experiencia trabajando con la nube de Azure? - Requisito deseable" — opções: ['Selecciona una opción', 'Yes', 'No']
2026-04-18 18:27:38,845 [INFO]   Botão primário: 'revisar' | aria='revise sua candidatura' 
2026-04-18 18:27:39,218 [INFO]   Clicou: AVANÇAR ('revisar')
2026-04-18 18:27:41,585 [INFO]   -- Etapa 5 --
2026-04-18 18:27:41,647 [WARNING]     Campo desconhecido "¿Cuál es tu salario pretendido? AR-CH-PE-CO-UY > Moneda local | Resto de LATAM > USD" — em branco.
2026-04-18 18:27:41,675 [WARNING]     Campo desconhecido "En caso de quedar seleccionado, ¿Cuántos dias necesitas para comenzar a trabajar?" — em branco.
2026-04-18 18:27:41,839 [INFO]     Select "¿Has trabajado con Kafka para streaming de eventos? 
¿Has trabajado con Kafka para streaming de eventos?" — opções: ['Selecciona una opción', 'Yes', 'No']
2026-04-18 18:27:41,976 [INFO]     Select "¿Tienes experiencia trabajando con la nube de Azure? - Requisito deseable
¿Tienes experiencia trabajando con la nube de Azure? - Requisito deseable" — opções: ['Selecciona una opción', 'Yes', 'No']
2026-04-18 18:27:42,045 [INFO]   Botão primário: 'revisar' | aria='revise sua candidatura' 
2026-04-18 18:27:42,369 [INFO]   Clicou: AVANÇAR ('revisar')
2026-04-18 18:27:44,279 [INFO]   -- Etapa 6 --
2026-04-18 18:27:44,408 [WARNING]     Campo desconhecido "¿Cuál es tu salario pretendido? AR-CH-PE-CO-UY > Moneda local | Resto de LATAM > USD" — em branco.
2026-04-18 18:27:44,437 [WARNING]     Campo desconhecido "En caso de quedar seleccionado, ¿Cuántos dias necesitas para comenzar a trabajar?" — em branco.
2026-04-18 18:27:44,607 [INFO]     Select "¿Has trabajado con Kafka para streaming de eventos? 
¿Has trabajado con Kafka para streaming de eventos?" — opções: ['Selecciona una opción', 'Yes', 'No']
2026-04-18 18:27:44,745 [INFO]     Select "¿Tienes experiencia trabajando con la nube de Azure? - Requisito deseable
¿Tienes experiencia trabajando con la nube de Azure? - Requisito deseable" — opções: ['Selecciona una opción', 'Yes', 'No']
2026-04-18 18:27:44,811 [INFO]   Botão primário: 'revisar' | aria='revise sua candidatura' 
2026-04-18 18:27:45,152 [INFO]   Clicou: AVANÇAR ('revisar')
2026-04-18 18:27:47,468 [INFO]   -- Etapa 7 --
2026-04-18 18:27:47,526 [WARNING]     Campo desconhecido "¿Cuál es tu salario pretendido? AR-CH-PE-CO-UY > Moneda local | Resto de LATAM > USD" — em branco.
2026-04-18 18:27:47,556 [WARNING]     Campo desconhecido "En caso de quedar seleccionado, ¿Cuántos dias necesitas para comenzar a trabajar?" — em branco.
2026-04-18 18:27:47,723 [INFO]     Select "¿Has trabajado con Kafka para streaming de eventos? 
¿Has trabajado con Kafka para streaming de eventos?" — opções: ['Selecciona una opción', 'Yes', 'No']
2026-04-18 18:27:47,866 [INFO]     Select "¿Tienes experiencia trabajando con la nube de Azure? - Requisito deseable
¿Tienes experiencia trabajando con la nube de Azure? - Requisito deseable" — opções: ['Selecciona una opción', 'Yes', 'No']
2026-04-18 18:27:47,935 [INFO]   Botão primário: 'revisar' | aria='revise sua candidatura' 
2026-04-18 18:27:48,471 [INFO]   Clicou: AVANÇAR ('revisar')
2026-04-18 18:27:50,367 [INFO]   -- Etapa 8 --
2026-04-18 18:27:50,425 [WARNING]     Campo desconhecido "¿Cuál es tu salario pretendido? AR-CH-PE-CO-UY > Moneda local | Resto de LATAM > USD" — em branco.
2026-04-18 18:27:50,456 [WARNING]     Campo desconhecido "En caso de quedar seleccionado, ¿Cuántos dias necesitas para comenzar a trabajar?" — em branco.
2026-04-18 18:27:50,617 [INFO]     Select "¿Has trabajado con Kafka para streaming de eventos? 
¿Has trabajado con Kafka para streaming de eventos?" — opções: ['Selecciona una opción', 'Yes', 'No']
2026-04-18 18:27:50,749 [INFO]     Select "¿Tienes experiencia trabajando con la nube de Azure? - Requisito deseable
¿Tienes experiencia trabajando con la nube de Azure? - Requisito deseable" — opções: ['Selecciona una opción', 'Yes', 'No']
2026-04-18 18:27:50,816 [INFO]   Botão primário: 'revisar' | aria='revise sua candidatura' 
2026-04-18 18:27:51,372 [INFO]   Clicou: AVANÇAR ('revisar')
2026-04-18 18:27:53,010 [INFO]   -- Etapa 9 --
2026-04-18 18:27:53,069 [WARNING]     Campo desconhecido "¿Cuál es tu salario pretendido? AR-CH-PE-CO-UY > Moneda local | Resto de LATAM > USD" — em branco.
2026-04-18 18:27:53,103 [WARNING]     Campo desconhecido "En caso de quedar seleccionado, ¿Cuántos dias necesitas para comenzar a trabajar?" — em branco.
2026-04-18 18:27:53,270 [INFO]     Select "¿Has trabajado con Kafka para streaming de eventos? 
¿Has trabajado con Kafka para streaming de eventos?" — opções: ['Selecciona una opción', 'Yes', 'No']
2026-04-18 18:27:53,413 [INFO]     Select "¿Tienes experiencia trabajando con la nube de Azure? - Requisito deseable
¿Tienes experiencia trabajando con la nube de Azure? - Requisito deseable" — opções: ['Selecciona una opción', 'Yes', 'No']
2026-04-18 18:27:53,480 [INFO]   Botão primário: 'revisar' | aria='revise sua candidatura' 
2026-04-18 18:27:53,844 [INFO]   Clicou: AVANÇAR ('revisar')
2026-04-18 18:27:56,335 [INFO]   -- Etapa 10 --
2026-04-18 18:27:56,392 [WARNING]     Campo desconhecido "¿Cuál es tu salario pretendido? AR-CH-PE-CO-UY > Moneda local | Resto de LATAM > USD" — em branco.
2026-04-18 18:27:56,424 [WARNING]     Campo desconhecido "En caso de quedar seleccionado, ¿Cuántos dias necesitas para comenzar a trabajar?" — em branco.
2026-04-18 18:27:56,596 [INFO]     Select "¿Has trabajado con Kafka para streaming de eventos? 
¿Has trabajado con Kafka para streaming de eventos?" — opções: ['Selecciona una opción', 'Yes', 'No']
2026-04-18 18:27:56,736 [INFO]     Select "¿Tienes experiencia trabajando con la nube de Azure? - Requisito deseable
¿Tienes experiencia trabajando con la nube de Azure? - Requisito deseable" — opções: ['Selecciona una opción', 'Yes', 'No']
2026-04-18 18:27:56,803 [INFO]   Botão primário: 'revisar' | aria='revise sua candidatura' 
2026-04-18 18:27:57,207 [INFO]   Clicou: AVANÇAR ('revisar')
2026-04-18 18:27:59,149 [INFO]   -- Etapa 11 --
2026-04-18 18:27:59,206 [WARNING]     Campo desconhecido "¿Cuál es tu salario pretendido? AR-CH-PE-CO-UY > Moneda local | Resto de LATAM > USD" — em branco.
2026-04-18 18:27:59,237 [WARNING]     Campo desconhecido "En caso de quedar seleccionado, ¿Cuántos dias necesitas para comenzar a trabajar?" — em branco.
2026-04-18 18:27:59,414 [INFO]     Select "¿Has trabajado con Kafka para streaming de eventos? 
¿Has trabajado con Kafka para streaming de eventos?" — opções: ['Selecciona una opción', 'Yes', 'No']
2026-04-18 18:27:59,555 [INFO]     Select "¿Tienes experiencia trabajando con la nube de Azure? - Requisito deseable
¿Tienes experiencia trabajando con la nube de Azure? - Requisito deseable" — opções: ['Selecciona una opción', 'Yes', 'No']
2026-04-18 18:27:59,637 [INFO]   Botão primário: 'revisar' | aria='revise sua candidatura' 
2026-04-18 18:28:00,165 [INFO]   Clicou: AVANÇAR ('revisar')
2026-04-18 18:28:01,929 [INFO]   -- Etapa 12 --
2026-04-18 18:28:01,987 [WARNING]     Campo desconhecido "¿Cuál es tu salario pretendido? AR-CH-PE-CO-UY > Moneda local | Resto de LATAM > USD" — em branco.
2026-04-18 18:28:02,018 [WARNING]     Campo desconhecido "En caso de quedar seleccionado, ¿Cuántos dias necesitas para comenzar a trabajar?" — em branco.
2026-04-18 18:28:02,187 [INFO]     Select "¿Has trabajado con Kafka para streaming de eventos? 
¿Has trabajado con Kafka para streaming de eventos?" — opções: ['Selecciona una opción', 'Yes', 'No']
2026-04-18 18:28:02,341 [INFO]     Select "¿Tienes experiencia trabajando con la nube de Azure? - Requisito deseable
¿Tienes experiencia trabajando con la nube de Azure? - Requisito deseable" — opções: ['Selecciona una opción', 'Yes', 'No']
2026-04-18 18:28:02,417 [INFO]   Botão primário: 'revisar' | aria='revise sua candidatura' 
2026-04-18 18:28:02,993 [INFO]   Clicou: AVANÇAR ('revisar')
2026-04-18 18:28:05,046 [INFO]   -- Etapa 13 --
2026-04-18 18:28:05,133 [WARNING]     Campo desconhecido "¿Cuál es tu salario pretendido? AR-CH-PE-CO-UY > Moneda local | Resto de LATAM > USD" — em branco.
2026-04-18 18:28:05,203 [WARNING]     Campo desconhecido "En caso de quedar seleccionado, ¿Cuántos dias necesitas para comenzar a trabajar?" — em branco.
2026-04-18 18:28:05,369 [INFO]     Select "¿Has trabajado con Kafka para streaming de eventos? 
¿Has trabajado con Kafka para streaming de eventos?" — opções: ['Selecciona una opción', 'Yes', 'No']
2026-04-18 18:28:05,504 [INFO]     Select "¿Tienes experiencia trabajando con la nube de Azure? - Requisito deseable
¿Tienes experiencia trabajando con la nube de Azure? - Requisito deseable" — opções: ['Selecciona una opción', 'Yes', 'No']
2026-04-18 18:28:05,571 [INFO]   Botão primário: 'revisar' | aria='revise sua candidatura' 
2026-04-18 18:28:06,156 [INFO]   Clicou: AVANÇAR ('revisar')
2026-04-18 18:28:08,099 [INFO]   -- Etapa 14 --
2026-04-18 18:28:08,159 [WARNING]     Campo desconhecido "¿Cuál es tu salario pretendido? AR-CH-PE-CO-UY > Moneda local | Resto de LATAM > USD" — em branco.
2026-04-18 18:28:08,189 [WARNING]     Campo desconhecido "En caso de quedar seleccionado, ¿Cuántos dias necesitas para comenzar a trabajar?" — em branco.
2026-04-18 18:28:08,357 [INFO]     Select "¿Has trabajado con Kafka para streaming de eventos? 
¿Has trabajado con Kafka para streaming de eventos?" — opções: ['Selecciona una opción', 'Yes', 'No']
2026-04-18 18:28:08,492 [INFO]     Select "¿Tienes experiencia trabajando con la nube de Azure? - Requisito deseable
¿Tienes experiencia trabajando con la nube de Azure? - Requisito deseable" — opções: ['Selecciona una opción', 'Yes', 'No']
2026-04-18 18:28:08,560 [INFO]   Botão primário: 'revisar' | aria='revise sua candidatura' 
2026-04-18 18:28:08,964 [INFO]   Clicou: AVANÇAR ('revisar')
2026-04-18 18:28:11,080 [INFO]   -- Etapa 15 --
2026-04-18 18:28:11,141 [WARNING]     Campo desconhecido "¿Cuál es tu salario pretendido? AR-CH-PE-CO-UY > Moneda local | Resto de LATAM > USD" — em branco.
2026-04-18 18:28:11,170 [WARNING]     Campo desconhecido "En caso de quedar seleccionado, ¿Cuántos dias necesitas para comenzar a trabajar?" — em branco.
2026-04-18 18:28:11,339 [INFO]     Select "¿Has trabajado con Kafka para streaming de eventos? 
¿Has trabajado con Kafka para streaming de eventos?" — opções: ['Selecciona una opción', 'Yes', 'No']
2026-04-18 18:28:11,474 [INFO]     Select "¿Tienes experiencia trabajando con la nube de Azure? - Requisito deseable
¿Tienes experiencia trabajando con la nube de Azure? - Requisito deseable" — opções: ['Selecciona una opción', 'Yes', 'No']
2026-04-18 18:28:11,538 [INFO]   Botão primário: 'revisar' | aria='revise sua candidatura' 
2026-04-18 18:28:12,053 [INFO]   Clicou: AVANÇAR ('revisar')
2026-04-18 18:28:12,054 [WARNING]   Máximo de etapas atingido sem enviar.
2026-04-18 18:28:25,238 [INFO] Sessão finalizada. Total enviado: 0
2026-04-18 18:28:27,555 [INFO] Navegador fechado.
