2026-04-18 18:23:17,641 [INFO] ============================================================
2026-04-18 18:23:17,641 [INFO] Bot iniciado — 18/04/2026 18:23
2026-04-18 18:23:17,642 [INFO] Palavras-chave: ['TypeScript', 'developer', 'desenvolvedor', 'programador', 'engenheiro de software', 'junior', 'react']
2026-04-18 18:23:17,642 [INFO] Limite: 10 candidaturas
2026-04-18 18:23:17,642 [INFO] ============================================================
2026-04-18 18:23:17,646 [INFO] Usando perfil temporário: C:\Users\ruyju\AppData\Local\Temp\tmp6js_9bwg
2026-04-18 18:23:17,647 [INFO] ChromeDriver win64 em cache: C:\Users\ruyju/.wdm/drivers/chromedriver/win64/147\chromedriver.exe
2026-04-18 18:23:17,649 [INFO] Fechando Chrome existente...
2026-04-18 18:23:25,302 [INFO] Fazendo login no LinkedIn...
2026-04-18 18:23:47,459 [ERROR] Erro durante login: Message: 
Stacktrace:
	chromedriver!GetHandleVerifier [0x7ff6be79f2a5+14465]
	chromedriver!GetHandleVerifier [0x7ff6be79f310+144d0]
	chromedriver!(No symbol) [0x7ff6be50db6d]
	chromedriver!(No symbol) [0x7ff6be566d7e]
	chromedriver!(No symbol) [0x7ff6be56708c]
	chromedriver!(No symbol) [0x7ff6be5b7447]
	chromedriver!(No symbol) [0x7ff6be5b3fe3]
	chromedriver!(No symbol) [0x7ff6be5593e8]
	chromedriver!(No symbol) [0x7ff6be55a2d3]
	chromedriver!GetHandleVerifier [0x7ff6beaa2f4d+31810d]
	chromedriver!GetHandleVerifier [0x7ff6bea9d61d+3127dd]
	chromedriver!GetHandleVerifier [0x7ff6beabffba+33517a]
	chromedriver!GetHandleVerifier [0x7ff6be7baa65+2fc25]
	chromedriver!GetHandleVerifier [0x7ff6be7c370c+388cc]
	chromedriver!GetHandleVerifier [0x7ff6be7a8944+1db04]
	chromedriver!GetHandleVerifier [0x7ff6be7a8af6+1dcb6]
	chromedriver!GetHandleVerifier [0x7ff6be78d717+28d7]
	KERNEL32!BaseThreadInitThunk [0x7ffc0571e8d7+17]
	ntdll!RtlUserThreadStart [0x7ffc06c6c3fc+2c]

2026-04-18 18:23:47,460 [ERROR] Login falhou. Encerrando.
2026-04-18 18:23:49,672 [INFO] Navegador fechado.
