2026-04-19 19:39:27,702 [INFO] ============================================================
2026-04-19 19:39:27,703 [INFO] Bot iniciado — 19/04/2026 19:39
2026-04-19 19:39:27,703 [INFO] Palavras-chave: ['TypeScript', 'developer', 'desenvolvedor', 'programador', 'engenheiro de software', 'junior', 'react', 'node', 'fullstack', 'frontend', 'backend', 'remote']
2026-04-19 19:39:27,703 [INFO] Limite: 10 candidaturas
2026-04-19 19:39:27,703 [INFO] ============================================================
2026-04-19 19:39:27,710 [INFO] Usando EdgeDriver: .\msedgedriver.EXE
2026-04-19 19:39:29,123 [INFO] Verificando sessão no LinkedIn...
2026-04-19 19:39:36,478 [INFO] Sessão ativa — login não necessário.
2026-04-19 19:39:36,478 [INFO] Buscando vagas: https://www.linkedin.com/jobs/search/?keywords=TypeScript+developer+desenvolvedor+programador+engenheiro+de+software+junior+react+node+fullstack+frontend+backend+remote&location=Brazil&f_AL=true&f_TPR=r86400&sortBy=DD&start=0
2026-04-19 19:39:49,299 [INFO] 4 cards na lista. Verificando Easy Apply em cada um...
2026-04-19 19:39:50,770 [INFO]   Easy Apply confirmado: Desenvolvedor Integrador RM x Java @ SS Service & Softwares
2026-04-19 19:39:55,784 [INFO] 1 vagas com Easy Apply confirmado.
2026-04-19 19:39:55,784 [INFO] Candidatando: Desenvolvedor Integrador RM x Java @ SS Service & Softwares
2026-04-19 19:40:00,551 [INFO]   -- Etapa 1 --
2026-04-19 19:40:00,945 [INFO]   Botão primário: 'avançar' | aria='avançar para próxima etapa' 
2026-04-19 19:40:01,529 [INFO]   Clicou: AVANÇAR ('avançar')
2026-04-19 19:40:03,994 [INFO]   -- Etapa 2 --
2026-04-19 19:40:04,119 [INFO]   Botão primário: 'avançar' | aria='avançar para próxima etapa' 
2026-04-19 19:40:04,643 [INFO]   Clicou: AVANÇAR ('avançar')
2026-04-19 19:40:06,276 [INFO]   -- Etapa 3 --
2026-04-19 19:40:06,557 [INFO]     Campo "How many years of hands-on experience do you have working with AWS (EKS, EC2, IAM, S3, etc.)?" → "5"
2026-04-19 19:40:06,785 [INFO]     Campo "How many years of hands-on experience do you have operating and building Kubernetes clusters in production?" → "5"
2026-04-19 19:40:06,948 [INFO]     Campo "How many years of experience do you have using Python for automation, scripting, or internal tooling?" → "5"
2026-04-19 19:40:07,520 [INFO]     Campo "This is a CLT/LFT/LCT/Código de Trabajo Employee Contract. Please enter your gross monthly salary expectation according to your country of residence." → "5000"
2026-04-19 19:40:07,810 [INFO]     Select "Are you currently working full-time?
Are you currently working full-time?" — opções: ['Select an option', 'Yes', 'No']
2026-04-19 19:40:08,019 [INFO]     Select "Do you have hands-on experience using Terraform for Infrastructure as Code in a production environment?
Do you have hands-on experience using Terraform for Infrastructure as Code in a production environment?" — opções: ['Select an option', 'Yes', 'No']
2026-04-19 19:40:08,047 [WARNING]     Select "Do you have hands-on experience using Terraform for Infrastructure as Code in a production environment?
Do you have hands-on experience using Terraform for Infrastructure as Code in a production environment?": "5" não encontrada — selecionando primeira opção
2026-04-19 19:40:08,205 [INFO]     Select "Have you built and maintained CI/CD pipelines (GitLab CI, Jenkins, or GitHub Actions) in a production environment?
Have you built and maintained CI/CD pipelines (GitLab CI, Jenkins, or GitHub Actions) in a production environment?" — opções: ['Select an option', 'Yes', 'No']
2026-04-19 19:40:08,398 [INFO]     Select "Are you comfortable working in a hands-on Platform/DevOps role (not consulting/advisory) with on-call responsibilities?
Are you comfortable working in a hands-on Platform/DevOps role (not consulting/advisory) with on-call responsibilities?" — opções: ['Select an option', 'Yes', 'No']
2026-04-19 19:40:08,516 [INFO]   Botão primário: 'revisar' | aria='revise sua candidatura' 
2026-04-19 19:40:08,972 [INFO]   Clicou: AVANÇAR ('revisar')
2026-04-19 19:40:11,041 [INFO]   -- Etapa 4 --
2026-04-19 19:40:11,105 [WARNING]   Loop detectado — mesma etapa repetindo. Encerrando formulário.
2026-04-19 19:40:17,295 [INFO] Sessão finalizada. Total enviado: 0
2026-04-19 19:40:19,678 [INFO] Navegador fechado.
