2026-04-18 16:25:04,844 [INFO] ============================================================
2026-04-18 16:25:04,844 [INFO] Bot iniciado — 18/04/2026 16:25
2026-04-18 16:25:04,845 [INFO] Palavras-chave: ['TypeScript', 'developer']
2026-04-18 16:25:04,845 [INFO] Limite: 10 candidaturas
2026-04-18 16:25:04,845 [INFO] ============================================================
2026-04-18 16:25:04,845 [INFO] ChromeDriver win64 em cache: C:\Users\ruyju/.wdm/drivers/chromedriver/win64/147\chromedriver.exe
2026-04-18 16:25:06,132 [INFO] Fazendo login...
2026-04-18 16:25:21,685 [INFO] Login realizado com sucesso.
2026-04-18 16:25:21,686 [INFO] Buscando vagas: https://www.linkedin.com/jobs/search/?keywords=TypeScript+developer&location=Brazil&f_AL=true&f_TPR=r604800&sortBy=DD&start=0
2026-04-18 16:25:36,613 [INFO] 25 cards na lista. Verificando Easy Apply em cada um...
2026-04-18 16:25:38,296 [INFO]   Easy Apply confirmado: Python Developer @ Höski
2026-04-18 16:26:16,936 [INFO] 1 vagas com Easy Apply confirmado.
2026-04-18 16:26:16,937 [INFO] Candidatando: Python Developer @ Höski
2026-04-18 16:26:22,537 [INFO]   -- Etapa 1 --
2026-04-18 16:26:22,813 [INFO]   Botão primário: 'Avançar' | aria='Avançar para próxima etapa' 
2026-04-18 16:26:23,254 [INFO]   Clicou: AVANÇAR ('Avançar')
2026-04-18 16:26:24,932 [INFO]   -- Etapa 2 --
2026-04-18 16:26:25,067 [INFO]   Botão primário: 'Avançar' | aria='Avançar para próxima etapa' 
2026-04-18 16:26:25,702 [ERROR] Erro inesperado: Message: stale element reference: stale element not found in the current frame
  (Session info: chrome=147.0.7727.57); For documentation on this error, please visit: https://www.selenium.dev/documentation/webdriver/troubleshooting/errors#stale-element-reference-exception
Stacktrace:
	chromedriver!GetHandleVerifier [0x7ff6be79f2a5+14465]
	chromedriver!GetHandleVerifier [0x7ff6be79f310+144d0]
	chromedriver!(No symbol) [0x7ff6be50db6d]
	chromedriver!(No symbol) [0x7ff6be515ae1]
	chromedriver!(No symbol) [0x7ff6be518c05]
	chromedriver!(No symbol) [0x7ff6be518ccf]
	chromedriver!(No symbol) [0x7ff6be561fac]
	chromedriver!(No symbol) [0x7ff6be59008a]
	chromedriver!(No symbol) [0x7ff6be55ab56]
	chromedriver!(No symbol) [0x7ff6be5b3fe3]
	chromedriver!(No symbol) [0x7ff6be5593e8]
	chromedriver!(No symbol) [0x7ff6be55a2d3]
	chromedriver!GetHandleVerifier [0x7ff6beaa2f4d+31810d]
	chromedriver!GetHandleVerifier [0x7ff6bea9d61d+3127dd]
	chromedriver!GetHandleVerifier [0x7ff6beabffba+33517a]
	chromedriver!GetHandleVerifier [0x7ff6be7baa65+2fc25]
	chromedriver!GetHandleVerifier [0x7ff6be7c370c+388cc]
	chromedriver!GetHandleVerifier [0x7ff6be7a8944+1db04]
	chromedriver!GetHandleVerifier [0x7ff6be7a8af6+1dcb6]
	chromedriver!GetHandleVerifier [0x7ff6be78d717+28d7]
	KERNEL32!BaseThreadInitThunk [0x7ffc0571e8d7+17]
	ntdll!RtlUserThreadStart [0x7ffc06c6c3fc+2c]
Traceback (most recent call last):
  File "C:\Users\ruyju\Documents\dev\linkedin_bot\linkedin_bot.py", line 685, in main
    result = apply_to_job(driver, job, profile, unknown_action)
  File "C:\Users\ruyju\Documents\dev\linkedin_bot\linkedin_bot.py", line 624, in apply_to_job
    success = fill_easy_apply_form(driver, profile, unknown_action)
  File "C:\Users\ruyju\Documents\dev\linkedin_bot\linkedin_bot.py", line 532, in fill_easy_apply_form
    result = click_next_or_submit(driver)
  File "C:\Users\ruyju\Documents\dev\linkedin_bot\linkedin_bot.py", line 446, in click_next_or_submit
    log.info(f"  Clicou: AVANÇAR ('{btn.text.strip()}')")
                                    ^^^^^^^^
  File "C:\Users\ruyju\AppData\Roaming\Python\Python314\site-packages\selenium\webdriver\remote\webelement.py", line 90, in text
    return self._execute(Command.GET_ELEMENT_TEXT)["value"]
           ~~~~~~~~~~~~~^^^^^^^^^^^^^^^^^^^^^^^^^^
  File "C:\Users\ruyju\AppData\Roaming\Python\Python314\site-packages\selenium\webdriver\remote\webelement.py", line 395, in _execute
    return self._parent.execute(command, params)
           ~~~~~~~~~~~~~~~~~~~~^^^^^^^^^^^^^^^^^
  File "C:\Users\ruyju\AppData\Roaming\Python\Python314\site-packages\selenium\webdriver\remote\webdriver.py", line 347, in execute
    self.error_handler.check_response(response)
    ~~~~~~~~~~~~~~~~~~~~~~~~~~~~~~~~~^^^^^^^^^^
  File "C:\Users\ruyju\AppData\Roaming\Python\Python314\site-packages\selenium\webdriver\remote\errorhandler.py", line 229, in check_response
    raise exception_class(message, screen, stacktrace)
selenium.common.exceptions.StaleElementReferenceException: Message: stale element reference: stale element not found in the current frame
  (Session info: chrome=147.0.7727.57); For documentation on this error, please visit: https://www.selenium.dev/documentation/webdriver/troubleshooting/errors#stale-element-reference-exception
Stacktrace:
	chromedriver!GetHandleVerifier [0x7ff6be79f2a5+14465]
	chromedriver!GetHandleVerifier [0x7ff6be79f310+144d0]
	chromedriver!(No symbol) [0x7ff6be50db6d]
	chromedriver!(No symbol) [0x7ff6be515ae1]
	chromedriver!(No symbol) [0x7ff6be518c05]
	chromedriver!(No symbol) [0x7ff6be518ccf]
	chromedriver!(No symbol) [0x7ff6be561fac]
	chromedriver!(No symbol) [0x7ff6be59008a]
	chromedriver!(No symbol) [0x7ff6be55ab56]
	chromedriver!(No symbol) [0x7ff6be5b3fe3]
	chromedriver!(No symbol) [0x7ff6be5593e8]
	chromedriver!(No symbol) [0x7ff6be55a2d3]
	chromedriver!GetHandleVerifier [0x7ff6beaa2f4d+31810d]
	chromedriver!GetHandleVerifier [0x7ff6bea9d61d+3127dd]
	chromedriver!GetHandleVerifier [0x7ff6beabffba+33517a]
	chromedriver!GetHandleVerifier [0x7ff6be7baa65+2fc25]
	chromedriver!GetHandleVerifier [0x7ff6be7c370c+388cc]
	chromedriver!GetHandleVerifier [0x7ff6be7a8944+1db04]
	chromedriver!GetHandleVerifier [0x7ff6be7a8af6+1dcb6]
	chromedriver!GetHandleVerifier [0x7ff6be78d717+28d7]
	KERNEL32!BaseThreadInitThunk [0x7ffc0571e8d7+17]
	ntdll!RtlUserThreadStart [0x7ffc06c6c3fc+2c]

2026-04-18 16:26:28,010 [INFO] Navegador fechado.
