2026-04-18 15:32:47,920 [INFO] ============================================================
2026-04-18 15:32:47,920 [INFO] Bot iniciado — 18/04/2026 15:32
2026-04-18 15:32:47,920 [INFO] Palavras-chave: ['TypeScript', 'desenvolvedor']
2026-04-18 15:32:47,920 [INFO] Limite: 10 candidaturas
2026-04-18 15:32:47,921 [INFO] ============================================================
2026-04-18 15:32:47,921 [INFO] ChromeDriver win64 em cache: C:\Users\ruyju/.wdm/drivers/chromedriver/win64/147\chromedriver.exe
2026-04-18 15:32:49,154 [INFO] Fazendo login...
2026-04-18 15:33:04,371 [INFO] Login realizado com sucesso.
2026-04-18 15:33:04,372 [INFO] Buscando vagas: https://www.linkedin.com/jobs/search/?keywords=TypeScript+desenvolvedor&location=Brasil&f_AL=true&f_TPR=r86400&sortBy=DD
2026-04-18 15:33:15,031 [INFO] 7 vagas encontradas na página.
2026-04-18 15:33:15,357 [INFO] 7 vagas extraídas.
2026-04-18 15:33:15,357 [INFO] Abrindo: Graduate Developer
Graduate Developer @ Joveo Ai
2026-04-18 15:33:31,286 [INFO]   Sem Easy Apply. Pulando: Graduate Developer
Graduate Developer
2026-04-18 15:33:43,963 [INFO] Abrindo: Sr. Java Full Stack Developer-Angular
Sr. Java Full Stack Developer-Angular with verification @ RELQ TECHNOLOGIES
2026-04-18 15:33:59,462 [INFO]   Sem Easy Apply. Pulando: Sr. Java Full Stack Developer-Angular
Sr. Java Full Stack Developer-Angular with verification
2026-04-18 15:34:07,999 [INFO] Abrindo: Senior Product Specialist
Senior Product Specialist with verification @ Tata Consultancy Services
2026-04-18 15:34:22,057 [INFO]   Sem Easy Apply. Pulando: Senior Product Specialist
Senior Product Specialist with verification
2026-04-18 15:34:34,595 [INFO] Abrindo: Programador CLP - Técnico Automação
Programador CLP - Técnico Automação @ Othua Brasil
2026-04-18 15:34:48,276 [INFO]   Sem Easy Apply. Pulando: Programador CLP - Técnico Automação
Programador CLP - Técnico Automação
2026-04-18 15:34:59,742 [INFO] Abrindo: streaming
streaming @ Live Streaming
2026-04-18 15:35:14,248 [INFO]   Sem Easy Apply. Pulando: streaming
streaming
2026-04-18 15:35:23,925 [INFO] Abrindo: Estrategista de conteúdo
Estrategista de conteúdo @ Head Marketing Médico
2026-04-18 15:35:37,592 [INFO]   Sem Easy Apply. Pulando: Estrategista de conteúdo
Estrategista de conteúdo
2026-04-18 15:35:46,936 [INFO] Abrindo: AI Trainer - Freelance Data Annotator
AI Trainer - Freelance Data Annotator @ Toloka Annotators
2026-04-18 15:36:01,088 [INFO]   Sem Easy Apply. Pulando: AI Trainer - Freelance Data Annotator
AI Trainer - Freelance Data Annotator
2026-04-18 15:36:08,841 [INFO] Sessão finalizada. Total enviado: 0
2026-04-18 15:36:11,382 [INFO] Navegador fechado.
