2026-04-19 20:00:45,717 [INFO] ============================================================
2026-04-19 20:00:45,718 [INFO] Bot iniciado — 19/04/2026 20:00
2026-04-19 20:00:45,718 [INFO] Palavras-chave: ['typescript', 'programador', 'junior', 'react', 'node', 'nextjs']
2026-04-19 20:00:45,718 [INFO] Limite: 10 candidaturas
2026-04-19 20:00:45,718 [INFO] ============================================================
2026-04-19 20:00:45,725 [INFO] Usando EdgeDriver: .\msedgedriver.EXE
2026-04-19 20:00:47,195 [INFO] Verificando sessão no LinkedIn...
2026-04-19 20:00:53,267 [INFO] Sessão ativa — login não necessário.
2026-04-19 20:00:53,268 [INFO] Buscando vagas: https://www.linkedin.com/jobs/search/?keywords=typescript+programador+junior+react+node+nextjs&location=Brazil&f_AL=true&f_TPR=r604800&sortBy=DD&start=0
2026-04-19 20:01:08,156 [INFO] 25 cards na lista. Verificando Easy Apply em cada um...
2026-04-19 20:01:09,325 [INFO]   Easy Apply confirmado: Chief Executive/Leader @ INSECOGO® Worldwide Search & Executive Consultants GmbH
2026-04-19 20:01:46,901 [INFO] 1 vagas com Easy Apply confirmado.
2026-04-19 20:01:46,902 [INFO] Candidatando: Chief Executive/Leader @ INSECOGO® Worldwide Search & Executive Consultants GmbH
2026-04-19 20:01:51,882 [INFO]   -- Etapa 1 --
2026-04-19 20:01:52,379 [INFO]   Botão primário: 'avançar' | aria='avançar para próxima etapa' 
2026-04-19 20:01:52,857 [INFO]   Clicou: AVANÇAR ('avançar')
2026-04-19 20:01:55,343 [INFO]   -- Etapa 2 --
2026-04-19 20:01:55,562 [INFO]   Botão primário: 'avançar' | aria='avançar para próxima etapa' 
2026-04-19 20:01:55,982 [INFO]   Clicou: AVANÇAR ('avançar')
2026-04-19 20:01:57,982 [INFO]   -- Etapa 3 --
2026-04-19 20:01:58,160 [WARNING]     Campo desconhecido "¿Cuál es tu salario pretendido? AR-CH-PE-CO-UY > Moneda local | Resto de LATAM > USD" — em branco.
2026-04-19 20:01:58,192 [WARNING]     Campo desconhecido "En caso de quedar seleccionado, ¿Cuántos dias necesitas para comenzar a trabajar?" — em branco.
2026-04-19 20:01:58,433 [INFO]   Botão primário: 'revisar' | aria='revise sua candidatura' 
2026-04-19 20:01:58,974 [INFO]   Clicou: AVANÇAR ('revisar')
2026-04-19 20:02:00,872 [INFO]   -- Etapa 4 --
2026-04-19 20:02:00,904 [WARNING]   Loop detectado — mesma etapa repetindo. Encerrando formulário.
2026-04-19 20:02:08,320 [INFO] Sessão finalizada. Total enviado: 0
2026-04-19 20:02:10,830 [INFO] Navegador fechado.
