2026-04-18 18:36:15,797 [INFO] ============================================================
2026-04-18 18:36:15,797 [INFO] Bot iniciado — 18/04/2026 18:36
2026-04-18 18:36:15,797 [INFO] Palavras-chave: ['TypeScript', 'developer', 'desenvolvedor', 'programador', 'engenheiro de software', 'junior', 'react']
2026-04-18 18:36:15,797 [INFO] Limite: 10 candidaturas
2026-04-18 18:36:15,797 [INFO] ============================================================
2026-04-18 18:36:15,797 [INFO] Tentando conectar ao Chrome já aberto (manter sessão)...
2026-04-18 18:36:15,797 [INFO] ChromeDriver win64 em cache: C:\Users\ruyju/.wdm/drivers/chromedriver/win64/147\chromedriver.exe
2026-04-18 18:36:15,798 [INFO] Tentativa 1: Conectando ao Chrome com sessão ativa...
2026-04-18 18:36:18,462 [WARNING] Tentativa 1 falhou: Message: invalid argument: cannot parse capability: goog:chromeOptions
from invalid argument: unrecognized chrome option: excludeSwitches
Stacktrace:
	chromedriver!GetHandleVerifier [0x7ff6be79f2a5+14465]
	chromedriver!GetHandleVerifier [0x7ff6be79f310+144d0]
	chromedriver!(No symbol) [0x7ff6be50db6d]
	chromedriver!(No symbol) [0x7ff6be53f6c7]
	chromedriver!(No symbol) [0x7ff6be53af8d]
	chromedriver!(No symbol) [0x7ff6be59c0fd]
	chromedriver!(No symbol) [0x7ff6be59ba06]
	chromedriver!(No symbol) [0x7ff6be59db08]
	chromedriver!(No symbol) [0x7ff6be59d8c6]
	chromedriver!(No symbol) [0x7ff6be5593e8]
	chromedriver!(No symbol) [0x7ff6be55a2d3]
	chromedriver!GetHandleVerifier [0x7ff6beaa2f4d+31810d]
	chromedriver!GetHandleVerifier [0x7ff6bea9d61d+3127dd]
	chromedriver!GetHandleVerifier [0x7ff6beabffba+33517a]
	chromedriver!GetHandleVerifier [0x7ff6be7baa65+2fc25]
	chromedriver!GetHandleVerifier [0x7ff6be7c370c+388cc]
	chromedriver!GetHandleVerifier [0x7ff6be7a8944+1db04]
	chromedriver!GetHandleVerifier [0x7ff6be7a8af6+1dcb6]
	chromedriver!GetHandleVerifier [0x7ff6be78d717+28d7]
	KERNEL32!BaseThreadInitThunk [0x7ffc0571e8d7+17]
	ntdll!RtlUserThreadStart [0x7ffc06c6c3fc+2c]

2026-04-18 18:36:18,462 [INFO] Tentativa 2: Iniciando novo Chrome com perfil do usuário...
2026-04-18 18:37:21,160 [WARNING] Tentativa 2 falhou: Message: session not created: DevToolsActivePort file doesn't exist
Stacktrace:
	chromedriver!GetHandleVerifier [0x7ff6be79f2a5+14465]
	chromedriver!GetHandleVerifier [0x7ff6be79f310+144d0]
	chromedriver!(No symbol) [0x7ff6be50db6d]
	chromedriver!(No symbol) [0x7ff6be553e26]
	chromedriver!(No symbol) [0x7ff6be54f271]
	chromedriver!(No symbol) [0x7ff6be549919]
	chromedriver!(No symbol) [0x7ff6be59e061]
	chromedriver!(No symbol) [0x7ff6be59d8c6]
	chromedriver!(No symbol) [0x7ff6be5593e8]
	chromedriver!(No symbol) [0x7ff6be55a2d3]
	chromedriver!GetHandleVerifier [0x7ff6beaa2f4d+31810d]
	chromedriver!GetHandleVerifier [0x7ff6bea9d61d+3127dd]
	chromedriver!GetHandleVerifier [0x7ff6beabffba+33517a]
	chromedriver!GetHandleVerifier [0x7ff6be7baa65+2fc25]
	chromedriver!GetHandleVerifier [0x7ff6be7c370c+388cc]
	chromedriver!GetHandleVerifier [0x7ff6be7a8944+1db04]
	chromedriver!GetHandleVerifier [0x7ff6be7a8af6+1dcb6]
	chromedriver!GetHandleVerifier [0x7ff6be78d717+28d7]
	KERNEL32!BaseThreadInitThunk [0x7ffc0571e8d7+17]
	ntdll!RtlUserThreadStart [0x7ffc06c6c3fc+2c]

2026-04-18 18:37:21,160 [INFO] Tentativa 3: Usando perfil temporário (login necessário)...
2026-04-18 18:37:22,290 [INFO] ✅ Sucesso! Chrome iniciado com perfil temporário: C:\Users\ruyju\AppData\Local\Temp\tmpbepmk9e5
2026-04-18 18:37:22,291 [WARNING] ⚠️  AVISO: Será necessário fazer login no LinkedIn.
2026-04-18 18:37:22,291 [INFO] Verificando sessão ativa no LinkedIn...
2026-04-18 18:37:28,354 [INFO] ✅ Sessão ativa encontrada — usando login existente.
2026-04-18 18:37:28,354 [INFO] Buscando vagas: https://www.linkedin.com/jobs/search/?keywords=TypeScript+developer+desenvolvedor+programador+engenheiro+de+software+junior+react&location=Brazil&f_AL=true&f_TPR=r604800&sortBy=DD&start=0
2026-04-18 18:38:09,167 [WARNING] Timeout ao carregar vagas. Tente mudar date_filter para 'semana'.
2026-04-18 18:38:09,179 [INFO] Primeiros 1000 chars da página: <html lang="pt"><head>
        <meta name="pageKey" content="d_jobs_guest_search">
          
    <meta name="robots" content="max-image-preview:large, noarchive">
    <meta name="bingbot" content="max-image-preview:large, archive">
  
<!---->          <meta name="linkedin:pageTag" content="urlType=jserp_custom;emptyResult=false">
        <meta name="locale" content="pt_BR">
<!---->        <meta id="config" data-app-version="2.0.2897" data-call-tree-id="AAZPwt8T8rG8Yn5P7zhmtA==" data-multiproduct-name="jobs-guest-frontend" data-service-name="jobs-guest-frontend" data-browser-id="fd26a513-71a3-4454-8581-1369a538ba1c" data-is-bot="false" data-enable-page-view-heartbeat-tracking="" data-page-instance="urn:li:page:d_jobs_guest_search;UZ+8lwfSSyyzF5dzLKsq9g==" data-disable-jsbeacon-pagekey-suffix="false" data-member-id="0" data-should-use-full-url-in-pve-path="true" data-dna-member-lix-treatment="enabled" data-human-member-lix-treatment="enabled" data-dfp-member-lix-treatment="control" data
2026-04-18 18:38:09,180 [INFO] 0 vagas com Easy Apply confirmado.
2026-04-18 18:38:09,180 [WARNING] Nenhuma vaga com Easy Apply.
  Dica 1: mude date_filter para 'semana' no config.json
  Dica 2: tente keywords: ['TypeScript', 'React', 'frontend']
  Dica 3: tente location: 'Sao Paulo' ou 'Remote'
2026-04-18 18:38:09,180 [WARNING] Nenhuma vaga encontrada. Encerrando.
2026-04-18 18:38:11,448 [INFO] Navegador fechado.
