2026-04-18 15:40:10,189 [INFO] ============================================================
2026-04-18 15:40:10,190 [INFO] Bot iniciado — 18/04/2026 15:40
2026-04-18 15:40:10,190 [INFO] Palavras-chave: ['TypeScript', 'developer']
2026-04-18 15:40:10,190 [INFO] Limite: 10 candidaturas
2026-04-18 15:40:10,191 [INFO] ============================================================
2026-04-18 15:40:10,192 [INFO] ChromeDriver win64 em cache: C:\Users\ruyju/.wdm/drivers/chromedriver/win64/147\chromedriver.exe
2026-04-18 15:40:11,732 [INFO] Fazendo login...
2026-04-18 15:40:28,393 [INFO] Login realizado com sucesso.
2026-04-18 15:40:28,394 [INFO] Buscando vagas: https://www.linkedin.com/jobs/search/?keywords=TypeScript+developer&location=Brazil&f_AL=true&f_TPR=r604800&sortBy=DD&start=0
2026-04-18 15:40:40,782 [INFO] 32 cards encontrados na página.
2026-04-18 15:40:41,736 [INFO] 7 vagas extraídas.
2026-04-18 15:40:41,736 [INFO] Abrindo: Graduate Developer @ Joveo Ai
2026-04-18 15:40:57,579 [INFO]   Sem Easy Apply. Pulando: Graduate Developer
2026-04-18 15:41:03,979 [INFO] Abrindo: Sr. Java Full Stack Developer-Angular @ RELQ TECHNOLOGIES
2026-04-18 15:41:18,250 [INFO]   Sem Easy Apply. Pulando: Sr. Java Full Stack Developer-Angular
2026-04-18 15:41:30,069 [INFO] Abrindo: Senior Full Stack AI Developer @ Tata Consultancy Services
2026-04-18 15:41:44,973 [INFO]   Sem Easy Apply. Pulando: Senior Full Stack AI Developer
2026-04-18 15:41:57,090 [INFO] Abrindo: Programador CLP - Técnico Automação @ Othua Brasil
2026-04-18 15:42:11,041 [INFO]   Sem Easy Apply. Pulando: Programador CLP - Técnico Automação
2026-04-18 15:42:23,349 [INFO] Abrindo: Software Engineer @ GeorgiaTEK Systems Inc.
2026-04-18 15:42:36,848 [INFO]   Sem Easy Apply. Pulando: Software Engineer
2026-04-18 15:42:42,928 [INFO] Abrindo: Senior Backend Engineer (Golang) @ Fulcrum SaaS
2026-04-18 15:42:57,438 [INFO]   Sem Easy Apply. Pulando: Senior Backend Engineer (Golang)
2026-04-18 15:43:10,327 [INFO] Abrindo: Desenvolvedor Delphi @ Doper Sistemas
2026-04-18 15:43:25,482 [INFO]   Sem Easy Apply. Pulando: Desenvolvedor Delphi
2026-04-18 15:43:37,402 [INFO] Sessão finalizada. Total enviado: 0
2026-04-18 15:43:39,811 [INFO] Navegador fechado.
