2026-04-18 16:30:44,022 [INFO] ============================================================
2026-04-18 16:30:44,023 [INFO] Bot iniciado — 18/04/2026 16:30
2026-04-18 16:30:44,023 [INFO] Palavras-chave: ['TypeScript', 'developer']
2026-04-18 16:30:44,023 [INFO] Limite: 10 candidaturas
2026-04-18 16:30:44,024 [INFO] ============================================================
2026-04-18 16:30:44,024 [INFO] ChromeDriver win64 em cache: C:\Users\ruyju/.wdm/drivers/chromedriver/win64/147\chromedriver.exe
2026-04-18 16:30:45,216 [INFO] Fazendo login...
2026-04-18 16:31:01,345 [INFO] Login realizado com sucesso.
2026-04-18 16:31:01,346 [INFO] Buscando vagas: https://www.linkedin.com/jobs/search/?keywords=TypeScript+developer&location=Brazil&f_AL=true&f_TPR=r604800&sortBy=DD&start=0
2026-04-18 16:31:16,593 [INFO] 25 cards na lista. Verificando Easy Apply em cada um...
2026-04-18 16:31:18,130 [INFO]   Easy Apply confirmado: Desenvolvedor de testes @ HwIT - Hardware Innovation Technologies
2026-04-18 16:31:55,333 [INFO] 1 vagas com Easy Apply confirmado.
2026-04-18 16:31:55,333 [INFO] Candidatando: Desenvolvedor de testes @ HwIT - Hardware Innovation Technologies
2026-04-18 16:32:00,122 [INFO]   -- Etapa 1 --
2026-04-18 16:32:00,370 [INFO]   Botão primário: 'avançar' | aria='avançar para próxima etapa' 
2026-04-18 16:32:01,005 [INFO]   Clicou: AVANÇAR ('avançar')
2026-04-18 16:32:03,433 [INFO]   -- Etapa 2 --
2026-04-18 16:32:03,550 [INFO]   Botão primário: 'avançar' | aria='avançar para próxima etapa' 
2026-04-18 16:32:04,020 [INFO]   Clicou: AVANÇAR ('avançar')
2026-04-18 16:32:05,774 [INFO]   -- Etapa 3 --
2026-04-18 16:32:06,426 [INFO]     Campo "Qual sua pretensão salarial?" → "8000"
2026-04-18 16:32:06,571 [INFO]   Botão primário: 'revisar' | aria='revise sua candidatura' 
2026-04-18 16:32:07,085 [INFO]   Clicou: AVANÇAR ('revisar')
2026-04-18 16:32:09,186 [INFO]   -- Etapa 4 --
2026-04-18 16:32:09,375 [INFO]   Botão primário: 'revisar' | aria='revise sua candidatura' 
2026-04-18 16:32:09,733 [INFO]   Clicou: AVANÇAR ('revisar')
2026-04-18 16:32:12,175 [INFO]   -- Etapa 5 --
2026-04-18 16:32:12,366 [INFO]   Botão primário: 'revisar' | aria='revise sua candidatura' 
2026-04-18 16:32:12,882 [INFO]   Clicou: AVANÇAR ('revisar')
2026-04-18 16:32:14,694 [INFO]   -- Etapa 6 --
2026-04-18 16:32:14,878 [INFO]   Botão primário: 'revisar' | aria='revise sua candidatura' 
2026-04-18 16:32:15,302 [INFO]   Clicou: AVANÇAR ('revisar')
2026-04-18 16:32:17,367 [INFO]   -- Etapa 7 --
2026-04-18 16:32:17,556 [INFO]   Botão primário: 'revisar' | aria='revise sua candidatura' 
2026-04-18 16:32:18,119 [INFO]   Clicou: AVANÇAR ('revisar')
2026-04-18 16:32:19,845 [INFO]   -- Etapa 8 --
2026-04-18 16:32:20,038 [INFO]   Botão primário: 'revisar' | aria='revise sua candidatura' 
2026-04-18 16:32:20,651 [INFO]   Clicou: AVANÇAR ('revisar')
2026-04-18 16:32:23,143 [INFO]   -- Etapa 9 --
2026-04-18 16:32:23,336 [INFO]   Botão primário: 'revisar' | aria='revise sua candidatura' 
2026-04-18 16:32:23,874 [INFO]   Clicou: AVANÇAR ('revisar')
2026-04-18 16:32:25,576 [INFO]   -- Etapa 10 --
2026-04-18 16:32:25,797 [INFO]   Botão primário: 'revisar' | aria='revise sua candidatura' 
2026-04-18 16:32:26,413 [INFO]   Clicou: AVANÇAR ('revisar')
2026-04-18 16:32:28,307 [INFO]   -- Etapa 11 --
2026-04-18 16:32:28,500 [INFO]   Botão primário: 'revisar' | aria='revise sua candidatura' 
2026-04-18 16:32:29,083 [INFO]   Clicou: AVANÇAR ('revisar')
2026-04-18 16:32:30,641 [INFO]   -- Etapa 12 --
2026-04-18 16:32:30,843 [INFO]   Botão primário: 'enviar candidatura' | aria='enviar candidatura' 
2026-04-18 16:32:31,201 [INFO]   Clicou: ENVIAR
2026-04-18 16:32:32,849 [INFO]   Candidatura enviada: Desenvolvedor de testes @ HwIT - Hardware Innovation Technologies
2026-04-18 16:32:32,850 [INFO]   [1/10] candidaturas enviadas
2026-04-18 16:32:43,728 [INFO] Sessão finalizada. Total enviado: 1
2026-04-18 16:32:46,009 [INFO] Navegador fechado.
