2026-04-18 18:16:20,237 [INFO] ============================================================
2026-04-18 18:16:20,237 [INFO] Bot iniciado — 18/04/2026 18:16
2026-04-18 18:16:20,237 [INFO] Palavras-chave: ['TypeScript', 'developer']
2026-04-18 18:16:20,237 [INFO] Limite: 10 candidaturas
2026-04-18 18:16:20,237 [INFO] ============================================================
2026-04-18 18:16:20,240 [INFO] Usando perfil temporário: C:\Users\ruyju\AppData\Local\Temp\tmp_j2rswnr
2026-04-18 18:16:20,240 [INFO] ChromeDriver win64 em cache: C:\Users\ruyju/.wdm/drivers/chromedriver/win64/147\chromedriver.exe
2026-04-18 18:16:20,241 [INFO] Fechando Chrome existente...
2026-04-18 18:16:27,832 [INFO] Verificando sessão no LinkedIn...
2026-04-18 18:16:33,284 [INFO] Sessão ativa — login não necessário.
2026-04-18 18:16:33,285 [INFO] Buscando vagas: https://www.linkedin.com/jobs/search/?keywords=TypeScript+developer&location=Brazil&f_AL=true&f_TPR=r604800&sortBy=DD&start=0
2026-04-18 18:17:12,700 [WARNING] Timeout ao carregar vagas. Tente mudar date_filter para 'semana'.
2026-04-18 18:17:12,719 [INFO] Primeiros 1000 chars da página: <html lang="pt"><head>
        <meta name="pageKey" content="d_jobs_guest_search">
          
    <meta name="robots" content="max-image-preview:large, noarchive">
    <meta name="bingbot" content="max-image-preview:large, archive">
  
<!---->          <meta name="linkedin:pageTag" content="urlType=jserp_custom;emptyResult=false">
        <meta name="locale" content="pt_BR">
<!---->        <meta id="config" data-app-version="2.0.2897" data-call-tree-id="AAZPwpRDrEtA6xCYx7CyRw==" data-multiproduct-name="jobs-guest-frontend" data-service-name="jobs-guest-frontend" data-browser-id="7d9f2144-f202-419c-860d-0e1425d049f8" data-is-bot="false" data-enable-page-view-heartbeat-tracking="" data-page-instance="urn:li:page:d_jobs_guest_search;Aa/gP6WCT7aNxjxbIhJ0rw==" data-disable-jsbeacon-pagekey-suffix="false" data-member-id="0" data-should-use-full-url-in-pve-path="true" data-dna-member-lix-treatment="enabled" data-human-member-lix-treatment="enabled" data-dfp-member-lix-treatment="control" data
2026-04-18 18:17:12,719 [INFO] 0 vagas com Easy Apply confirmado.
2026-04-18 18:17:12,719 [WARNING] Nenhuma vaga com Easy Apply.
  Dica 1: mude date_filter para 'semana' no config.json
  Dica 2: tente keywords: ['TypeScript', 'React', 'frontend']
  Dica 3: tente location: 'Sao Paulo' ou 'Remote'
2026-04-18 18:17:12,719 [WARNING] Nenhuma vaga encontrada. Encerrando.
2026-04-18 18:17:14,943 [INFO] Navegador fechado.
