2026-04-18 16:39:28,394 [INFO] ============================================================
2026-04-18 16:39:28,395 [INFO] Bot iniciado — 18/04/2026 16:39
2026-04-18 16:39:28,395 [INFO] Palavras-chave: ['TypeScript', 'developer']
2026-04-18 16:39:28,395 [INFO] Limite: 10 candidaturas
2026-04-18 16:39:28,396 [INFO] ============================================================
2026-04-18 16:39:28,396 [INFO] ChromeDriver win64 em cache: C:\Users\ruyju/.wdm/drivers/chromedriver/win64/147\chromedriver.exe
2026-04-18 16:39:29,699 [INFO] Fazendo login...
2026-04-18 16:39:45,265 [INFO] Login realizado com sucesso.
2026-04-18 16:39:45,266 [INFO] Buscando vagas: https://www.linkedin.com/jobs/search/?keywords=TypeScript+developer&location=Brazil&f_AL=true&f_TPR=r604800&sortBy=DD&start=0
2026-04-18 16:40:00,716 [INFO] 25 cards na lista. Verificando Easy Apply em cada um...
2026-04-18 16:40:02,375 [INFO]   Easy Apply confirmado: Python Developer @ Höski
2026-04-18 16:40:40,243 [INFO] 1 vagas com Easy Apply confirmado.
2026-04-18 16:40:40,243 [INFO] Candidatando: Python Developer @ Höski
2026-04-18 16:40:45,422 [INFO]   -- Etapa 1 --
2026-04-18 16:40:45,659 [INFO]     Select "Email
Email" — opções: ['Selecciona una opción', 'ruyjunior21@gmail.com']
2026-04-18 16:40:49,871 [INFO]     Select "Código del país
Código del país" — opções: ['Selecciona una opción', 'Brasil (+55)', 'Afganistán (+93)', 'Albania (+355)', 'Alemania (+49)', 'Andorra (+376)', 'Angola (+244)', 'Anguila (+1)', 'Antigua y Barbuda (+1)', 'Antártida (+0)', 'Arabia Saudí (+966)', 'Argelia (+213)', 'Argentina (+54)', 'Armenia (+374)', 'Aruba (+297)', 'Australia (+61)', 'Austria (+43)', 'Azerbaiyán (+994)', 'Bahamas (+1)', 'Bangladés (+880)', 'Barbados (+1)', 'Baréin (+973)', 'Belice (+501)', 'Benín (+229)', 'Bermudas (+1)', 'Bielorrusia (+375)', 'Bolivia (+591)', 'Bosnia y Herzegovina (+387)', 'Botsuana (+267)', 'Brunéi (+673)', 'Bulgaria (+359)', 'Burkina Faso (+226)', 'Burundi (+257)', 'Bután (+975)', 'Bélgica (+32)', 'Cabo Verde (+238)', 'Camboya (+855)', 'Camerún (+237)', 'Canadá (+1)', 'Caribe neerlandés (+599)', 'Catar (+974)', 'Chad (+235)', 'Chequia (+420)', 'Chile (+56)', 'China (+86)', 'Chipre (+357)', 'Ciudad del Vaticano (+39)', 'Colombia (+57)', 'Comoras (+269)', 'Congo (+242)', 'Corea del Norte (+850)', 'Corea del Sur (+82)', 'Costa Rica (+506)', 'Croacia (+385)', 'Cuba (+53)', 'Curazao (+599)', 'Côte d’Ivoire (+225)', 'Dinamarca (+45)', 'Dominica (+1)', 'Ecuador (+593)', 'Egipto (+20)', 'El Salvador (+503)', 'Emiratos Árabes Unidos (+971)', 'Eritrea (+291)', 'Eslovaquia (+421)', 'Eslovenia (+386)', 'España (+34)', 'Estados Unidos (+1)', 'Estonia (+372)', 'Esuatini (+268)', 'Etiopía (+251)', 'Filipinas (+63)', 'Finlandia (+358)', 'Fiyi (+679)', 'Francia (+33)', 'Gabón (+241)', 'Gambia (+220)', 'Georgia (+995)', 'Ghana (+233)', 'Gibraltar (+350)', 'Granada (+1)', 'Grecia (+30)', 'Groenlandia (+299)', 'Guadalupe (+590)', 'Guam (+1)', 'Guatemala (+502)', 'Guayana Francesa (+594)', 'Guernesey (+44)', 'Guinea (+224)', 'Guinea Ecuatorial (+240)', 'Guinea-Bisáu (+245)', 'Guyana (+592)', 'Haití (+509)', 'Honduras (+504)', 'Hungría (+36)', 'India (+91)', 'Indonesia (+62)', 'Irak (+964)', 'Irlanda (+353)', 'Irán (+98)', 'Isla Bouvet (+0)', 'Isla Norfolk (+672)', 'Isla de Man (+44)', 'Isla de Navidad (+61)', 'Islandia (+354)', 'Islas Aland (+358)', 'Islas Caimán (+1)', 'Islas Cocos (+61)', 'Islas Cook (+682)', 'Islas Feroe (+298)', 'Islas Georgia del Sur y Sandwich del Sur (+0)', 'Islas Heard y McDonald (+0)', 'Islas Malvinas (+500)', 'Islas Marianas del Norte (+1)', 'Islas Marshall (+692)', 'Islas Pitcairn (+0)', 'Islas Salomón (+677)', 'Islas Turcas y Caicos (+1)', 'Islas Vírgenes Británicas (+1)', 'Islas Vírgenes de EE. UU. (+1)', 'Islas menores alejadas de EE. UU. (+0)', 'Israel (+972)', 'Italia (+39)', 'Jamaica (+1)', 'Japón (+81)', 'Jersey (+44)', 'Jordania (+962)', 'Kazajistán (+7)', 'Kenia (+254)', 'Kirguistán (+996)', 'Kiribati (+686)', 'Kuwait (+965)', 'Laos (+856)', 'Lesoto (+266)', 'Letonia (+371)', 'Liberia (+231)', 'Libia (+218)', 'Liechtenstein (+423)', 'Lituania (+370)', 'Luxemburgo (+352)', 'Líbano (+961)', 'Macedonia del Norte (+389)', 'Madagascar (+261)', 'Malasia (+60)', 'Malaui (+265)', 'Maldivas (+960)', 'Mali (+223)', 'Malta (+356)', 'Marruecos (+212)', 'Martinica (+596)', 'Mauricio (+230)', 'Mauritania (+222)', 'Mayotte (+262)', 'Micronesia (+691)', 'Moldavia (+373)', 'Mongolia (+976)', 'Montenegro (+382)', 'Montserrat (+1)', 'Mozambique (+258)', 'Myanmar (Birmania) (+95)', 'México (+52)', 'Mónaco (+377)', 'Namibia (+264)', 'Nauru (+674)', 'Nepal (+977)', 'Nicaragua (+505)', 'Nigeria (+234)', 'Niue (+683)', 'Noruega (+47)', 'Nueva Caledonia (+687)', 'Nueva Zelanda (+64)', 'Níger (+227)', 'Omán (+968)', 'Pakistán (+92)', 'Palaos (+680)', 'Panamá (+507)', 'Papúa Nueva Guinea (+675)', 'Paraguay (+595)', 'Países Bajos (+31)', 'Perú (+51)', 'Polinesia Francesa (+689)', 'Polonia (+48)', 'Portugal (+351)', 'Puerto Rico (+1)', 'RAE de Hong Kong (China) (+852)', 'RAE de Macao (China) (+853)', 'Reino Unido (+44)', 'República Centroafricana (+236)', 'República Democrática del Congo (+243)', 'República Dominicana (+1)', 'Reunión (+262)', 'Ruanda (+250)', 'Rumanía (+40)', 'Rusia (+7)', 'Samoa (+685)', 'Samoa Americana (+1)', 'San Bartolomé (+590)', 'San Cristóbal y Nieves (+1)', 'San Marino (+378)', 'San Martín (+590)', 'San Pedro y Miquelón (+508)', 'San Vicente y las Granadinas (+1)', 'Santa Elena (+290)', 'Santa Lucía (+1)', 'Santo Tomé y Príncipe (+239)', 'Senegal (+221)', 'Serbia (+381)', 'Seychelles (+248)', 'Sierra Leona (+232)', 'Singapur (+65)', 'Sint Maarten (+1)', 'Siria (+963)', 'Somalia (+252)', 'Sri Lanka (+94)', 'Sudáfrica (+27)', 'Sudán (+249)', 'Sudán del Sur (+211)', 'Suecia (+46)', 'Suiza (+41)', 'Surinam (+597)', 'Svalbard y Jan Mayen (+47)', 'Sáhara Occidental (+212)', 'Tailandia (+66)', 'Taiwán (+886)', 'Tanzania (+255)', 'Tayikistán (+992)', 'Territorio Británico del Océano Índico (+246)', 'Territorios Australes Franceses (+0)', 'Territorios Palestinos (+970)', 'Timor-Leste (+670)', 'Togo (+228)', 'Tokelau (+690)', 'Tonga (+676)', 'Trinidad y Tobago (+1)', 'Turkmenistán (+993)', 'Turquía (+90)', 'Tuvalu (+688)', 'Túnez (+216)', 'Ucrania (+380)', 'Uganda (+256)', 'Uruguay (+598)', 'Uzbekistán (+998)', 'Vanuatu (+678)', 'Venezuela (+58)', 'Vietnam (+84)', 'Wallis y Futuna (+681)', 'Yemen (+967)', 'Yibuti (+253)', 'Zambia (+260)', 'Zimbabue (+263)']
2026-04-18 16:40:52,683 [INFO]   Botão primário: 'avançar' | aria='avançar para próxima etapa' 
2026-04-18 16:40:53,091 [INFO]   Clicou: AVANÇAR ('avançar')
2026-04-18 16:40:55,079 [INFO]   -- Etapa 2 --
2026-04-18 16:40:55,199 [INFO]   Botão primário: 'avançar' | aria='avançar para próxima etapa' 
2026-04-18 16:40:55,748 [INFO]   Clicou: AVANÇAR ('avançar')
2026-04-18 16:40:58,193 [INFO]   -- Etapa 3 --
2026-04-18 16:40:58,260 [WARNING]     Campo desconhecido "¿Cuál es tu salario pretendido? AR-CH-PE-CO-UY > Moneda local | Resto de LATAM > USD" — em branco.
2026-04-18 16:40:58,300 [WARNING]     Campo desconhecido "En caso de quedar seleccionado, ¿Cuántos dias necesitas para comenzar a trabajar?" — em branco.
2026-04-18 16:40:58,499 [INFO]     Select "¿Has trabajado con Kafka para streaming de eventos? 
¿Has trabajado con Kafka para streaming de eventos?" — opções: ['Selecciona una opción', 'Yes', 'No']
2026-04-18 16:40:58,661 [INFO]     Select "¿Tienes experiencia trabajando con la nube de Azure? - Requisito deseable
¿Tienes experiencia trabajando con la nube de Azure? - Requisito deseable" — opções: ['Selecciona una opción', 'Yes', 'No']
2026-04-18 16:40:58,749 [INFO]   Botão primário: 'revisar' | aria='revise sua candidatura' 
2026-04-18 16:40:59,261 [INFO]   Clicou: AVANÇAR ('revisar')
2026-04-18 16:41:01,521 [INFO]   -- Etapa 4 --
2026-04-18 16:41:01,587 [WARNING]     Campo desconhecido "¿Cuál es tu salario pretendido? AR-CH-PE-CO-UY > Moneda local | Resto de LATAM > USD" — em branco.
2026-04-18 16:41:01,622 [WARNING]     Campo desconhecido "En caso de quedar seleccionado, ¿Cuántos dias necesitas para comenzar a trabajar?" — em branco.
2026-04-18 16:41:01,816 [INFO]     Select "¿Has trabajado con Kafka para streaming de eventos? 
¿Has trabajado con Kafka para streaming de eventos?" — opções: ['Selecciona una opción', 'Yes', 'No']
2026-04-18 16:41:01,971 [INFO]     Select "¿Tienes experiencia trabajando con la nube de Azure? - Requisito deseable
¿Tienes experiencia trabajando con la nube de Azure? - Requisito deseable" — opções: ['Selecciona una opción', 'Yes', 'No']
2026-04-18 16:41:02,046 [INFO]   Botão primário: 'revisar' | aria='revise sua candidatura' 
2026-04-18 16:41:02,369 [INFO]   Clicou: AVANÇAR ('revisar')
2026-04-18 16:41:04,648 [INFO]   -- Etapa 5 --
2026-04-18 16:41:04,712 [WARNING]     Campo desconhecido "¿Cuál es tu salario pretendido? AR-CH-PE-CO-UY > Moneda local | Resto de LATAM > USD" — em branco.
2026-04-18 16:41:04,746 [WARNING]     Campo desconhecido "En caso de quedar seleccionado, ¿Cuántos dias necesitas para comenzar a trabajar?" — em branco.
2026-04-18 16:41:04,936 [INFO]     Select "¿Has trabajado con Kafka para streaming de eventos? 
¿Has trabajado con Kafka para streaming de eventos?" — opções: ['Selecciona una opción', 'Yes', 'No']
2026-04-18 16:41:05,186 [INFO]     Select "¿Tienes experiencia trabajando con la nube de Azure? - Requisito deseable
¿Tienes experiencia trabajando con la nube de Azure? - Requisito deseable" — opções: ['Selecciona una opción', 'Yes', 'No']
2026-04-18 16:41:05,267 [INFO]   Botão primário: 'revisar' | aria='revise sua candidatura' 
2026-04-18 16:41:05,783 [INFO]   Clicou: AVANÇAR ('revisar')
2026-04-18 16:41:08,281 [INFO]   -- Etapa 6 --
2026-04-18 16:41:08,341 [WARNING]     Campo desconhecido "¿Cuál es tu salario pretendido? AR-CH-PE-CO-UY > Moneda local | Resto de LATAM > USD" — em branco.
2026-04-18 16:41:08,375 [WARNING]     Campo desconhecido "En caso de quedar seleccionado, ¿Cuántos dias necesitas para comenzar a trabajar?" — em branco.
2026-04-18 16:41:08,553 [INFO]     Select "¿Has trabajado con Kafka para streaming de eventos? 
¿Has trabajado con Kafka para streaming de eventos?" — opções: ['Selecciona una opción', 'Yes', 'No']
2026-04-18 16:41:08,718 [INFO]     Select "¿Tienes experiencia trabajando con la nube de Azure? - Requisito deseable
¿Tienes experiencia trabajando con la nube de Azure? - Requisito deseable" — opções: ['Selecciona una opción', 'Yes', 'No']
2026-04-18 16:41:08,794 [INFO]   Botão primário: 'revisar' | aria='revise sua candidatura' 
2026-04-18 16:41:09,289 [INFO]   Clicou: AVANÇAR ('revisar')
2026-04-18 16:41:11,475 [INFO]   -- Etapa 7 --
2026-04-18 16:41:11,540 [WARNING]     Campo desconhecido "¿Cuál es tu salario pretendido? AR-CH-PE-CO-UY > Moneda local | Resto de LATAM > USD" — em branco.
2026-04-18 16:41:11,577 [WARNING]     Campo desconhecido "En caso de quedar seleccionado, ¿Cuántos dias necesitas para comenzar a trabajar?" — em branco.
2026-04-18 16:41:11,763 [INFO]     Select "¿Has trabajado con Kafka para streaming de eventos? 
¿Has trabajado con Kafka para streaming de eventos?" — opções: ['Selecciona una opción', 'Yes', 'No']
2026-04-18 16:41:11,911 [INFO]     Select "¿Tienes experiencia trabajando con la nube de Azure? - Requisito deseable
¿Tienes experiencia trabajando con la nube de Azure? - Requisito deseable" — opções: ['Selecciona una opción', 'Yes', 'No']
2026-04-18 16:41:11,982 [INFO]   Botão primário: 'revisar' | aria='revise sua candidatura' 
2026-04-18 16:41:12,310 [INFO]   Clicou: AVANÇAR ('revisar')
2026-04-18 16:41:14,072 [INFO]   -- Etapa 8 --
2026-04-18 16:41:14,254 [WARNING]     Campo desconhecido "¿Cuál es tu salario pretendido? AR-CH-PE-CO-UY > Moneda local | Resto de LATAM > USD" — em branco.
2026-04-18 16:41:14,291 [WARNING]     Campo desconhecido "En caso de quedar seleccionado, ¿Cuántos dias necesitas para comenzar a trabajar?" — em branco.
2026-04-18 16:41:14,482 [INFO]     Select "¿Has trabajado con Kafka para streaming de eventos? 
¿Has trabajado con Kafka para streaming de eventos?" — opções: ['Selecciona una opción', 'Yes', 'No']
2026-04-18 16:41:14,629 [INFO]     Select "¿Tienes experiencia trabajando con la nube de Azure? - Requisito deseable
¿Tienes experiencia trabajando con la nube de Azure? - Requisito deseable" — opções: ['Selecciona una opción', 'Yes', 'No']
2026-04-18 16:41:14,723 [INFO]   Botão primário: 'revisar' | aria='revise sua candidatura' 
2026-04-18 16:41:15,059 [INFO]   Clicou: AVANÇAR ('revisar')
2026-04-18 16:41:17,317 [INFO]   -- Etapa 9 --
2026-04-18 16:41:17,383 [WARNING]     Campo desconhecido "¿Cuál es tu salario pretendido? AR-CH-PE-CO-UY > Moneda local | Resto de LATAM > USD" — em branco.
2026-04-18 16:41:17,416 [WARNING]     Campo desconhecido "En caso de quedar seleccionado, ¿Cuántos dias necesitas para comenzar a trabajar?" — em branco.
2026-04-18 16:41:17,595 [INFO]     Select "¿Has trabajado con Kafka para streaming de eventos? 
¿Has trabajado con Kafka para streaming de eventos?" — opções: ['Selecciona una opción', 'Yes', 'No']
2026-04-18 16:41:17,755 [INFO]     Select "¿Tienes experiencia trabajando con la nube de Azure? - Requisito deseable
¿Tienes experiencia trabajando con la nube de Azure? - Requisito deseable" — opções: ['Selecciona una opción', 'Yes', 'No']
2026-04-18 16:41:17,830 [INFO]   Botão primário: 'revisar' | aria='revise sua candidatura' 
2026-04-18 16:41:18,388 [INFO]   Clicou: AVANÇAR ('revisar')
2026-04-18 16:41:20,492 [INFO]   -- Etapa 10 --
2026-04-18 16:41:20,552 [WARNING]     Campo desconhecido "¿Cuál es tu salario pretendido? AR-CH-PE-CO-UY > Moneda local | Resto de LATAM > USD" — em branco.
2026-04-18 16:41:20,586 [WARNING]     Campo desconhecido "En caso de quedar seleccionado, ¿Cuántos dias necesitas para comenzar a trabajar?" — em branco.
2026-04-18 16:41:20,776 [INFO]     Select "¿Has trabajado con Kafka para streaming de eventos? 
¿Has trabajado con Kafka para streaming de eventos?" — opções: ['Selecciona una opción', 'Yes', 'No']
2026-04-18 16:41:20,921 [INFO]     Select "¿Tienes experiencia trabajando con la nube de Azure? - Requisito deseable
¿Tienes experiencia trabajando con la nube de Azure? - Requisito deseable" — opções: ['Selecciona una opción', 'Yes', 'No']
2026-04-18 16:41:21,000 [INFO]   Botão primário: 'revisar' | aria='revise sua candidatura' 
2026-04-18 16:41:21,416 [INFO]   Clicou: AVANÇAR ('revisar')
2026-04-18 16:41:23,031 [INFO]   -- Etapa 11 --
2026-04-18 16:41:23,096 [WARNING]     Campo desconhecido "¿Cuál es tu salario pretendido? AR-CH-PE-CO-UY > Moneda local | Resto de LATAM > USD" — em branco.
2026-04-18 16:41:23,130 [WARNING]     Campo desconhecido "En caso de quedar seleccionado, ¿Cuántos dias necesitas para comenzar a trabajar?" — em branco.
2026-04-18 16:41:23,312 [INFO]     Select "¿Has trabajado con Kafka para streaming de eventos? 
¿Has trabajado con Kafka para streaming de eventos?" — opções: ['Selecciona una opción', 'Yes', 'No']
2026-04-18 16:41:23,466 [INFO]     Select "¿Tienes experiencia trabajando con la nube de Azure? - Requisito deseable
¿Tienes experiencia trabajando con la nube de Azure? - Requisito deseable" — opções: ['Selecciona una opción', 'Yes', 'No']
2026-04-18 16:41:23,540 [INFO]   Botão primário: 'revisar' | aria='revise sua candidatura' 
2026-04-18 16:41:23,935 [INFO]   Clicou: AVANÇAR ('revisar')
2026-04-18 16:41:25,628 [INFO]   -- Etapa 12 --
2026-04-18 16:41:25,715 [WARNING]     Campo desconhecido "¿Cuál es tu salario pretendido? AR-CH-PE-CO-UY > Moneda local | Resto de LATAM > USD" — em branco.
2026-04-18 16:41:25,750 [WARNING]     Campo desconhecido "En caso de quedar seleccionado, ¿Cuántos dias necesitas para comenzar a trabajar?" — em branco.
2026-04-18 16:41:25,930 [INFO]     Select "¿Has trabajado con Kafka para streaming de eventos? 
¿Has trabajado con Kafka para streaming de eventos?" — opções: ['Selecciona una opción', 'Yes', 'No']
2026-04-18 16:41:26,078 [INFO]     Select "¿Tienes experiencia trabajando con la nube de Azure? - Requisito deseable
¿Tienes experiencia trabajando con la nube de Azure? - Requisito deseable" — opções: ['Selecciona una opción', 'Yes', 'No']
2026-04-18 16:41:26,150 [INFO]   Botão primário: 'revisar' | aria='revise sua candidatura' 
2026-04-18 16:41:26,484 [INFO]   Clicou: AVANÇAR ('revisar')
2026-04-18 16:41:28,115 [INFO]   -- Etapa 13 --
2026-04-18 16:41:28,178 [WARNING]     Campo desconhecido "¿Cuál es tu salario pretendido? AR-CH-PE-CO-UY > Moneda local | Resto de LATAM > USD" — em branco.
2026-04-18 16:41:28,212 [WARNING]     Campo desconhecido "En caso de quedar seleccionado, ¿Cuántos dias necesitas para comenzar a trabajar?" — em branco.
2026-04-18 16:41:28,393 [INFO]     Select "¿Has trabajado con Kafka para streaming de eventos? 
¿Has trabajado con Kafka para streaming de eventos?" — opções: ['Selecciona una opción', 'Yes', 'No']
2026-04-18 16:41:28,538 [INFO]     Select "¿Tienes experiencia trabajando con la nube de Azure? - Requisito deseable
¿Tienes experiencia trabajando con la nube de Azure? - Requisito deseable" — opções: ['Selecciona una opción', 'Yes', 'No']
2026-04-18 16:41:28,614 [INFO]   Botão primário: 'revisar' | aria='revise sua candidatura' 
2026-04-18 16:41:29,067 [INFO]   Clicou: AVANÇAR ('revisar')
2026-04-18 16:41:31,553 [INFO]   -- Etapa 14 --
2026-04-18 16:41:31,617 [WARNING]     Campo desconhecido "¿Cuál es tu salario pretendido? AR-CH-PE-CO-UY > Moneda local | Resto de LATAM > USD" — em branco.
2026-04-18 16:41:31,651 [WARNING]     Campo desconhecido "En caso de quedar seleccionado, ¿Cuántos dias necesitas para comenzar a trabajar?" — em branco.
2026-04-18 16:41:31,914 [INFO]     Select "¿Has trabajado con Kafka para streaming de eventos? 
¿Has trabajado con Kafka para streaming de eventos?" — opções: ['Selecciona una opción', 'Yes', 'No']
2026-04-18 16:41:32,137 [INFO]     Select "¿Tienes experiencia trabajando con la nube de Azure? - Requisito deseable
¿Tienes experiencia trabajando con la nube de Azure? - Requisito deseable" — opções: ['Selecciona una opción', 'Yes', 'No']
2026-04-18 16:41:32,213 [INFO]   Botão primário: 'revisar' | aria='revise sua candidatura' 
2026-04-18 16:41:32,568 [INFO]   Clicou: AVANÇAR ('revisar')
2026-04-18 16:41:34,365 [INFO]   -- Etapa 15 --
2026-04-18 16:41:34,431 [WARNING]     Campo desconhecido "¿Cuál es tu salario pretendido? AR-CH-PE-CO-UY > Moneda local | Resto de LATAM > USD" — em branco.
2026-04-18 16:41:34,463 [WARNING]     Campo desconhecido "En caso de quedar seleccionado, ¿Cuántos dias necesitas para comenzar a trabajar?" — em branco.
2026-04-18 16:41:34,650 [INFO]     Select "¿Has trabajado con Kafka para streaming de eventos? 
¿Has trabajado con Kafka para streaming de eventos?" — opções: ['Selecciona una opción', 'Yes', 'No']
2026-04-18 16:41:34,810 [INFO]     Select "¿Tienes experiencia trabajando con la nube de Azure? - Requisito deseable
¿Tienes experiencia trabajando con la nube de Azure? - Requisito deseable" — opções: ['Selecciona una opción', 'Yes', 'No']
2026-04-18 16:41:34,884 [INFO]   Botão primário: 'revisar' | aria='revise sua candidatura' 
2026-04-18 16:41:35,407 [INFO]   Clicou: AVANÇAR ('revisar')
2026-04-18 16:41:35,408 [WARNING]   Máximo de etapas atingido sem enviar.
2026-04-18 16:41:46,661 [INFO] Sessão finalizada. Total enviado: 0
2026-04-18 16:41:48,977 [INFO] Navegador fechado.
