2026-04-18 17:56:29,293 [INFO] ============================================================
2026-04-18 17:56:29,293 [INFO] Bot iniciado — 18/04/2026 17:56
2026-04-18 17:56:29,293 [INFO] Palavras-chave: ['TypeScript', 'developer']
2026-04-18 17:56:29,293 [INFO] Limite: 10 candidaturas
2026-04-18 17:56:29,294 [INFO] ============================================================
2026-04-18 17:56:29,294 [INFO] ChromeDriver win64 em cache: C:\Users\ruyju/.wdm/drivers/chromedriver/win64/147\chromedriver.exe
2026-04-18 17:56:29,294 [INFO] Fechando Chrome existente...
2026-04-18 17:57:35,348 [ERROR] Erro ao criar driver: Message: session not created: DevToolsActivePort file doesn't exist
Stacktrace:
	chromedriver!GetHandleVerifier [0x7ff6be79f2a5+14465]
	chromedriver!GetHandleVerifier [0x7ff6be79f310+144d0]
	chromedriver!(No symbol) [0x7ff6be50db6d]
	chromedriver!(No symbol) [0x7ff6be553e26]
	chromedriver!(No symbol) [0x7ff6be54f271]
	chromedriver!(No symbol) [0x7ff6be549919]
	chromedriver!(No symbol) [0x7ff6be59e061]
	chromedriver!(No symbol) [0x7ff6be59d8c6]
	chromedriver!(No symbol) [0x7ff6be5593e8]
	chromedriver!(No symbol) [0x7ff6be55a2d3]
	chromedriver!GetHandleVerifier [0x7ff6beaa2f4d+31810d]
	chromedriver!GetHandleVerifier [0x7ff6bea9d61d+3127dd]
	chromedriver!GetHandleVerifier [0x7ff6beabffba+33517a]
	chromedriver!GetHandleVerifier [0x7ff6be7baa65+2fc25]
	chromedriver!GetHandleVerifier [0x7ff6be7c370c+388cc]
	chromedriver!GetHandleVerifier [0x7ff6be7a8944+1db04]
	chromedriver!GetHandleVerifier [0x7ff6be7a8af6+1dcb6]
	chromedriver!GetHandleVerifier [0x7ff6be78d717+28d7]
	KERNEL32!BaseThreadInitThunk [0x7ffc0571e8d7+17]
	ntdll!RtlUserThreadStart [0x7ffc06c6c3fc+2c]

