2026-04-18 18:18:18,251 [INFO] ============================================================
2026-04-18 18:18:18,251 [INFO] Bot iniciado — 18/04/2026 18:18
2026-04-18 18:18:18,251 [INFO] Palavras-chave: ['TypeScript', 'developer']
2026-04-18 18:18:18,252 [INFO] Limite: 10 candidaturas
2026-04-18 18:18:18,252 [INFO] ============================================================
2026-04-18 18:18:18,254 [INFO] Usando perfil temporário: C:\Users\ruyju\AppData\Local\Temp\tmps0yoyc4q
2026-04-18 18:18:18,254 [INFO] ChromeDriver win64 em cache: C:\Users\ruyju/.wdm/drivers/chromedriver/win64/147\chromedriver.exe
2026-04-18 18:18:18,255 [INFO] Fechando Chrome existente...
2026-04-18 18:18:25,800 [INFO] Fazendo login no LinkedIn...
2026-04-18 18:18:44,975 [INFO] Login realizado com sucesso.
2026-04-18 18:18:44,975 [INFO] Buscando vagas: https://www.linkedin.com/jobs/search/?keywords=TypeScript+developer&location=Brazil&f_AL=true&f_TPR=r604800&sortBy=DD&start=0
2026-04-18 18:19:08,397 [INFO] Encontrou 25 cards com seletor: li.occludable-update
2026-04-18 18:19:08,397 [INFO] 25 cards na lista. Verificando Easy Apply em cada um...
2026-04-18 18:19:10,935 [INFO]   Card 1: encontrou Easy Apply (seletor: button[aria-label*='Candidatura simplificada'])
2026-04-18 18:19:11,005 [INFO]   Easy Apply confirmado: Python Developer @ Höski
2026-04-18 18:19:13,334 [INFO]   Card 2: encontrou Easy Apply (seletor: button[aria-label*='Candidatura simplificada'])
2026-04-18 18:19:15,843 [INFO]   Card 3: encontrou Easy Apply (seletor: button[aria-label*='Candidatura simplificada'])
2026-04-18 18:19:18,740 [INFO]   Card 4: encontrou Easy Apply (seletor: button[aria-label*='Candidatura simplificada'])
2026-04-18 18:19:21,386 [INFO]   Card 5: encontrou Easy Apply (seletor: button[aria-label*='Candidatura simplificada'])
2026-04-18 18:19:23,895 [INFO]   Card 6: encontrou Easy Apply (seletor: button[aria-label*='Candidatura simplificada'])
2026-04-18 18:19:26,797 [INFO]   Card 7: encontrou Easy Apply (seletor: button[aria-label*='Candidatura simplificada'])
2026-04-18 18:19:30,414 [INFO]   Card 8: encontrou Easy Apply (seletor: button[aria-label*='Candidatura simplificada'])
2026-04-18 18:19:33,867 [INFO]   Card 9: encontrou Easy Apply (seletor: button[aria-label*='Candidatura simplificada'])
2026-04-18 18:19:36,696 [INFO]   Card 10: encontrou Easy Apply (seletor: button[aria-label*='Candidatura simplificada'])
2026-04-18 18:19:39,438 [INFO]   Card 11: encontrou Easy Apply (seletor: button[aria-label*='Candidatura simplificada'])
2026-04-18 18:19:42,049 [INFO]   Card 12: encontrou Easy Apply (seletor: button[aria-label*='Candidatura simplificada'])
2026-04-18 18:19:44,708 [INFO]   Card 13: encontrou Easy Apply (seletor: button[aria-label*='Candidatura simplificada'])
2026-04-18 18:19:47,739 [INFO]   Card 14: encontrou Easy Apply (seletor: button[aria-label*='Candidatura simplificada'])
2026-04-18 18:19:50,749 [INFO]   Card 15: encontrou Easy Apply (seletor: button[aria-label*='Candidatura simplificada'])
2026-04-18 18:19:53,739 [INFO]   Card 16: encontrou Easy Apply (seletor: button[aria-label*='Candidatura simplificada'])
2026-04-18 18:19:56,757 [INFO]   Card 17: encontrou Easy Apply (seletor: button[aria-label*='Candidatura simplificada'])
2026-04-18 18:19:59,456 [INFO]   Card 18: encontrou Easy Apply (seletor: button[aria-label*='Candidatura simplificada'])
2026-04-18 18:20:02,537 [INFO]   Card 19: encontrou Easy Apply (seletor: button[aria-label*='Candidatura simplificada'])
2026-04-18 18:20:05,117 [INFO]   Card 20: encontrou Easy Apply (seletor: button[aria-label*='Candidatura simplificada'])
2026-04-18 18:20:08,791 [INFO]   Card 21: encontrou Easy Apply (seletor: button[aria-label*='Candidatura simplificada'])
2026-04-18 18:20:11,493 [INFO]   Card 22: encontrou Easy Apply (seletor: button[aria-label*='Candidatura simplificada'])
2026-04-18 18:20:14,713 [INFO]   Card 23: encontrou Easy Apply (seletor: button[aria-label*='Candidatura simplificada'])
2026-04-18 18:20:18,041 [INFO]   Card 24: encontrou Easy Apply (seletor: button[aria-label*='Candidatura simplificada'])
2026-04-18 18:20:20,767 [INFO]   Card 25: encontrou Easy Apply (seletor: button[aria-label*='Candidatura simplificada'])
2026-04-18 18:20:20,830 [INFO] 1 vagas com Easy Apply confirmado.
2026-04-18 18:20:20,830 [INFO] Candidatando: Python Developer @ Höski
2026-04-18 18:20:25,784 [INFO]   -- Etapa 1 --
2026-04-18 18:20:26,024 [INFO]     Select "E-mail
E-mail" — opções: ['Selecionar opção', 'ruyjunior21@gmail.com']
2026-04-18 18:20:29,661 [INFO]     Select "Código do país
Código do país" — opções: ['Selecionar opção', 'Brasil (+55)', 'Afeganistão (+93)', 'Albânia (+355)', 'Alemanha (+49)', 'Andorra (+376)', 'Angola (+244)', 'Anguila (+1)', 'Antártida (+0)', 'Antígua e Barbuda (+1)', 'Argentina (+54)', 'Argélia (+213)', 'Armênia (+374)', 'Aruba (+297)', 'Arábia Saudita (+966)', 'Austrália (+61)', 'Azerbaijão (+994)', 'Bahamas (+1)', 'Bangladesh (+880)', 'Barbados (+1)', 'Barein (+973)', 'Belize (+501)', 'Benin (+229)', 'Bermudas (+1)', 'Bielorrússia (+375)', 'Bolívia (+591)', 'Botsuana (+267)', 'Brunei (+673)', 'Bulgária (+359)', 'Burquina Faso (+226)', 'Burundi (+257)', 'Butão (+975)', 'Bélgica (+32)', 'Bósnia e Herzegovina (+387)', 'Cabo Verde (+238)', 'Camarões (+237)', 'Camboja (+855)', 'Canadá (+1)', 'Catar (+974)', 'Cazaquistão (+7)', 'Chade (+235)', 'Chile (+56)', 'China (+86)', 'Chipre (+357)', 'Cidade do Vaticano (+39)', 'Colômbia (+57)', 'Comores (+269)', 'Congo - Kinshasa (+243)', 'Coreia do Norte (+850)', 'Coreia do Sul (+82)', 'Costa Rica (+506)', 'Costa do Marfim (+225)', 'Croácia (+385)', 'Cuba (+53)', 'Curaçao (+599)', 'Dinamarca (+45)', 'Djibuti (+253)', 'Dominica (+1)', 'Egito (+20)', 'El Salvador (+503)', 'Emirados Árabes Unidos (+971)', 'Equador (+593)', 'Eritreia (+291)', 'Eslováquia (+421)', 'Eslovênia (+386)', 'Espanha (+34)', 'Essuatíni (+268)', 'Estados Unidos (+1)', 'Estônia (+372)', 'Etiópia (+251)', 'Fiji (+679)', 'Filipinas (+63)', 'Finlândia (+358)', 'França (+33)', 'Gabão (+241)', 'Gana (+233)', 'Geórgia (+995)', 'Gibraltar (+350)', 'Granada (+1)', 'Groenlândia (+299)', 'Grécia (+30)', 'Guadalupe (+590)', 'Guam (+1)', 'Guatemala (+502)', 'Guernsey (+44)', 'Guiana (+592)', 'Guiana Francesa (+594)', 'Guiné (+224)', 'Guiné Equatorial (+240)', 'Guiné-Bissau (+245)', 'Gâmbia (+220)', 'Haiti (+509)', 'Honduras (+504)', 'Hong Kong, RAE da China (+852)', 'Hungria (+36)', 'Ilha Bouvet (+0)', 'Ilha Christmas (+61)', 'Ilha Norfolk (+672)', 'Ilha de Man (+44)', 'Ilhas Aland (+358)', 'Ilhas Cayman (+1)', 'Ilhas Cocos (Keeling) (+61)', 'Ilhas Cook (+682)', 'Ilhas Faroé (+298)', 'Ilhas Geórgia do Sul e Sandwich do Sul (+0)', 'Ilhas Heard e McDonald (+0)', 'Ilhas Malvinas (+500)', 'Ilhas Marianas do Norte (+1)', 'Ilhas Marshall (+692)', 'Ilhas Menores Distantes dos EUA (+0)', 'Ilhas Pitcairn (+0)', 'Ilhas Salomão (+677)', 'Ilhas Turcas e Caicos (+1)', 'Ilhas Virgens Americanas (+1)', 'Ilhas Virgens Britânicas (+1)', 'Indonésia (+62)', 'Iraque (+964)', 'Irlanda (+353)', 'Irã (+98)', 'Islândia (+354)', 'Israel (+972)', 'Itália (+39)', 'Iêmen (+967)', 'Jamaica (+1)', 'Japão (+81)', 'Jersey (+44)', 'Jordânia (+962)', 'Kuwait (+965)', 'Laos (+856)', 'Lesoto (+266)', 'Letônia (+371)', 'Libéria (+231)', 'Liechtenstein (+423)', 'Lituânia (+370)', 'Luxemburgo (+352)', 'Líbano (+961)', 'Líbia (+218)', 'Macau, RAE da China (+853)', 'Macedônia do Norte (+389)', 'Madagascar (+261)', 'Malaui (+265)', 'Maldivas (+960)', 'Mali (+223)', 'Malta (+356)', 'Malásia (+60)', 'Marrocos (+212)', 'Martinica (+596)', 'Mauritânia (+222)', 'Maurício (+230)', 'Mayotte (+262)', 'Mianmar (Birmânia) (+95)', 'Micronésia (+691)', 'Moldávia (+373)', 'Mongólia (+976)', 'Montenegro (+382)', 'Montserrat (+1)', 'Moçambique (+258)', 'México (+52)', 'Mônaco (+377)', 'Namíbia (+264)', 'Nauru (+674)', 'Nepal (+977)', 'Nicarágua (+505)', 'Nigéria (+234)', 'Niue (+683)', 'Noruega (+47)', 'Nova Caledônia (+687)', 'Nova Zelândia (+64)', 'Níger (+227)', 'Omã (+968)', 'Palau (+680)', 'Panamá (+507)', 'Papua-Nova Guiné (+675)', 'Paquistão (+92)', 'Paraguai (+595)', 'Países Baixos (+31)', 'Países Baixos Caribenhos (+599)', 'Peru (+51)', 'Polinésia Francesa (+689)', 'Polônia (+48)', 'Porto Rico (+1)', 'Portugal (+351)', 'Quirguistão (+996)', 'Quiribati (+686)', 'Quênia (+254)', 'Reino Unido (+44)', 'República Centro-Africana (+236)', 'República Dominicana (+1)', 'República do Congo (+242)', 'Reunião (+262)', 'Romênia (+40)', 'Ruanda (+250)', 'Rússia (+7)', 'Saara Ocidental (+212)', 'Samoa (+685)', 'Samoa Americana (+1)', 'San Marino (+378)', 'Santa Helena (+290)', 'Santa Lúcia (+1)', 'Seicheles (+248)', 'Senegal (+221)', 'Serra Leoa (+232)', 'Singapura (+65)', 'Sint Maarten (+1)', 'Somália (+252)', 'Sri Lanka (+94)', 'Sudão (+249)', 'Sudão do Sul (+211)', 'Suriname (+597)', 'Suécia (+46)', 'Suíça (+41)', 'Svalbard e Jan Mayen (+47)', 'São Bartolomeu (+590)', 'São Cristóvão e Névis (+1)', 'São Martinho (+590)', 'São Pedro e Miquelão (+508)', 'São Tomé e Príncipe (+239)', 'São Vicente e Granadinas (+1)', 'Sérvia (+381)', 'Síria (+963)', 'Tadjiquistão (+992)', 'Tailândia (+66)', 'Taiwan (+886)', 'Tanzânia (+255)', 'Tchéquia (+420)', 'Território Britânico do Oceano Índico (+246)', 'Territórios Franceses do Sul (+0)', 'Territórios palestinos (+970)', 'Timor-Leste (+670)', 'Togo (+228)', 'Tokelau (+690)', 'Tonga (+676)', 'Trinidad e Tobago (+1)', 'Tunísia (+216)', 'Turcomenistão (+993)', 'Turquia (+90)', 'Tuvalu (+688)', 'Ucrânia (+380)', 'Uganda (+256)', 'Uruguai (+598)', 'Uzbequistão (+998)', 'Vanuatu (+678)', 'Venezuela (+58)', 'Vietnã (+84)', 'Wallis e Futuna (+681)', 'Zâmbia (+260)', 'África do Sul (+27)', 'Áustria (+43)', 'Índia (+91)', 'Zimbábue (+263)']
2026-04-18 18:20:32,327 [INFO]   Botão primário: 'avançar' | aria='avançar para próxima etapa' 
2026-04-18 18:20:32,712 [INFO]   Clicou: AVANÇAR ('avançar')
2026-04-18 18:20:34,389 [INFO]   -- Etapa 2 --
2026-04-18 18:20:34,505 [INFO]   Botão primário: 'avançar' | aria='avançar para próxima etapa' 
2026-04-18 18:20:34,947 [INFO]   Clicou: AVANÇAR ('avançar')
2026-04-18 18:20:36,777 [INFO]   -- Etapa 3 --
2026-04-18 18:20:37,400 [INFO]     Campo "Qual sua pretensão na modalidade PJ?" → "8000"
2026-04-18 18:20:37,511 [INFO]   Botão primário: 'revisar' | aria='revise sua candidatura' 
2026-04-18 18:20:38,061 [INFO]   Clicou: AVANÇAR ('revisar')
2026-04-18 18:20:40,439 [INFO]   -- Etapa 4 --
2026-04-18 18:20:40,553 [INFO]   Botão primário: 'enviar candidatura' | aria='enviar candidatura' 
2026-04-18 18:20:41,043 [INFO]   Clicou: ENVIAR
2026-04-18 18:20:43,002 [INFO]   Candidatura enviada: Python Developer @ Höski
2026-04-18 18:20:43,003 [INFO]   [1/10] candidaturas enviadas
2026-04-18 18:20:49,783 [INFO] Sessão finalizada. Total enviado: 1
2026-04-18 18:20:52,096 [INFO] Navegador fechado.
